Archive member included to satisfy reference by file (symbol)

C:/ST/STM32CubeIDE_1.16.0/STM32CubeIDE/plugins/com.st.stm32cube.ide.mcu.externaltools.gnu-tools-for-stm32.12.3.rel1.win32_1.0.200.202406191623/tools/bin/../lib/gcc/arm-none-eabi/12.3.1/../../../../arm-none-eabi/lib/thumb/v7-m/nofp\libc_nano.a(libc_a-exit.o)
                              C:/ST/STM32CubeIDE_1.16.0/STM32CubeIDE/plugins/com.st.stm32cube.ide.mcu.externaltools.gnu-tools-for-stm32.12.3.rel1.win32_1.0.200.202406191623/tools/bin/../lib/gcc/arm-none-eabi/12.3.1/../../../../arm-none-eabi/lib/thumb/v7-m/nofp/crt0.o (exit)
C:/ST/STM32CubeIDE_1.16.0/STM32CubeIDE/plugins/com.st.stm32cube.ide.mcu.externaltools.gnu-tools-for-stm32.12.3.rel1.win32_1.0.200.202406191623/tools/bin/../lib/gcc/arm-none-eabi/12.3.1/../../../../arm-none-eabi/lib/thumb/v7-m/nofp\libc_nano.a(libc_a-findfp.o)
                              C:/ST/STM32CubeIDE_1.16.0/STM32CubeIDE/plugins/com.st.stm32cube.ide.mcu.externaltools.gnu-tools-for-stm32.12.3.rel1.win32_1.0.200.202406191623/tools/bin/../lib/gcc/arm-none-eabi/12.3.1/../../../../arm-none-eabi/lib/thumb/v7-m/nofp\libc_nano.a(libc_a-exit.o) (__stdio_exit_handler)
C:/ST/STM32CubeIDE_1.16.0/STM32CubeIDE/plugins/com.st.stm32cube.ide.mcu.externaltools.gnu-tools-for-stm32.12.3.rel1.win32_1.0.200.202406191623/tools/bin/../lib/gcc/arm-none-eabi/12.3.1/../../../../arm-none-eabi/lib/thumb/v7-m/nofp\libc_nano.a(libc_a-fwalk.o)
                              C:/ST/STM32CubeIDE_1.16.0/STM32CubeIDE/plugins/com.st.stm32cube.ide.mcu.externaltools.gnu-tools-for-stm32.12.3.rel1.win32_1.0.200.202406191623/tools/bin/../lib/gcc/arm-none-eabi/12.3.1/../../../../arm-none-eabi/lib/thumb/v7-m/nofp\libc_nano.a(libc_a-findfp.o) (_fwalk_sglue)
C:/ST/STM32CubeIDE_1.16.0/STM32CubeIDE/plugins/com.st.stm32cube.ide.mcu.externaltools.gnu-tools-for-stm32.12.3.rel1.win32_1.0.200.202406191623/tools/bin/../lib/gcc/arm-none-eabi/12.3.1/../../../../arm-none-eabi/lib/thumb/v7-m/nofp\libc_nano.a(libc_a-stdio.o)
                              C:/ST/STM32CubeIDE_1.16.0/STM32CubeIDE/plugins/com.st.stm32cube.ide.mcu.externaltools.gnu-tools-for-stm32.12.3.rel1.win32_1.0.200.202406191623/tools/bin/../lib/gcc/arm-none-eabi/12.3.1/../../../../arm-none-eabi/lib/thumb/v7-m/nofp\libc_nano.a(libc_a-findfp.o) (__sread)
C:/ST/STM32CubeIDE_1.16.0/STM32CubeIDE/plugins/com.st.stm32cube.ide.mcu.externaltools.gnu-tools-for-stm32.12.3.rel1.win32_1.0.200.202406191623/tools/bin/../lib/gcc/arm-none-eabi/12.3.1/../../../../arm-none-eabi/lib/thumb/v7-m/nofp\libc_nano.a(libc_a-memset.o)
                              C:/ST/STM32CubeIDE_1.16.0/STM32CubeIDE/plugins/com.st.stm32cube.ide.mcu.externaltools.gnu-tools-for-stm32.12.3.rel1.win32_1.0.200.202406191623/tools/bin/../lib/gcc/arm-none-eabi/12.3.1/../../../../arm-none-eabi/lib/thumb/v7-m/nofp/crt0.o (memset)
C:/ST/STM32CubeIDE_1.16.0/STM32CubeIDE/plugins/com.st.stm32cube.ide.mcu.externaltools.gnu-tools-for-stm32.12.3.rel1.win32_1.0.200.202406191623/tools/bin/../lib/gcc/arm-none-eabi/12.3.1/../../../../arm-none-eabi/lib/thumb/v7-m/nofp\libc_nano.a(libc_a-closer.o)
                              C:/ST/STM32CubeIDE_1.16.0/STM32CubeIDE/plugins/com.st.stm32cube.ide.mcu.externaltools.gnu-tools-for-stm32.12.3.rel1.win32_1.0.200.202406191623/tools/bin/../lib/gcc/arm-none-eabi/12.3.1/../../../../arm-none-eabi/lib/thumb/v7-m/nofp\libc_nano.a(libc_a-stdio.o) (_close_r)
C:/ST/STM32CubeIDE_1.16.0/STM32CubeIDE/plugins/com.st.stm32cube.ide.mcu.externaltools.gnu-tools-for-stm32.12.3.rel1.win32_1.0.200.202406191623/tools/bin/../lib/gcc/arm-none-eabi/12.3.1/../../../../arm-none-eabi/lib/thumb/v7-m/nofp\libc_nano.a(libc_a-reent.o)
                              C:/ST/STM32CubeIDE_1.16.0/STM32CubeIDE/plugins/com.st.stm32cube.ide.mcu.externaltools.gnu-tools-for-stm32.12.3.rel1.win32_1.0.200.202406191623/tools/bin/../lib/gcc/arm-none-eabi/12.3.1/../../../../arm-none-eabi/lib/thumb/v7-m/nofp\libc_nano.a(libc_a-closer.o) (errno)
C:/ST/STM32CubeIDE_1.16.0/STM32CubeIDE/plugins/com.st.stm32cube.ide.mcu.externaltools.gnu-tools-for-stm32.12.3.rel1.win32_1.0.200.202406191623/tools/bin/../lib/gcc/arm-none-eabi/12.3.1/../../../../arm-none-eabi/lib/thumb/v7-m/nofp\libc_nano.a(libc_a-impure.o)
                              C:/ST/STM32CubeIDE_1.16.0/STM32CubeIDE/plugins/com.st.stm32cube.ide.mcu.externaltools.gnu-tools-for-stm32.12.3.rel1.win32_1.0.200.202406191623/tools/bin/../lib/gcc/arm-none-eabi/12.3.1/../../../../arm-none-eabi/lib/thumb/v7-m/nofp\libc_nano.a(libc_a-reent.o) (_impure_ptr)
C:/ST/STM32CubeIDE_1.16.0/STM32CubeIDE/plugins/com.st.stm32cube.ide.mcu.externaltools.gnu-tools-for-stm32.12.3.rel1.win32_1.0.200.202406191623/tools/bin/../lib/gcc/arm-none-eabi/12.3.1/../../../../arm-none-eabi/lib/thumb/v7-m/nofp\libc_nano.a(libc_a-lseekr.o)
[...]
Memory Configuration

Name             Origin             Length             Attributes
RAM              0x20000000         0x00005000         xrw
FLASH            0x08000000         0x00010000         xr
*default*        0x00000000         0xffffffff

Linker script and memory map

LOAD C:/ST/STM32CubeIDE_1.16.0/STM32CubeIDE/plugins/com.st.stm32cube.ide.mcu.externaltools.gnu-tools-for-stm32.12.3.rel1.win32_1.0.200.202406191623/tools/bin/../lib/gcc/arm-none-eabi/12.3.1/thumb/v7-m/nofp/crti.o
LOAD C:/ST/STM32CubeIDE_1.16.0/STM32CubeIDE/plugins/com.st.stm32cube.ide.mcu.externaltools.gnu-tools-for-stm32.12.3.rel1.win32_1.0.200.202406191623/tools/bin/../lib/gcc/arm-none-eabi/12.3.1/thumb/v7-m/nofp/crtbegin.o
LOAD C:/ST/STM32CubeIDE_1.16.0/STM32CubeIDE/plugins/com.st.stm32cube.ide.mcu.externaltools.gnu-tools-for-stm32.12.3.rel1.win32_1.0.200.202406191623/tools/bin/../lib/gcc/arm-none-eabi/12.3.1/../../../../arm-none-eabi/lib/thumb/v7-m/nofp/crt0.o
LOAD ./Core/Src/main.o
LOAD ./Core/Src/stm32f1xx_hal_msp.o
LOAD ./Core/Src/stm32f1xx_it.o
LOAD ./Core/Src/syscalls.o
LOAD ./Core/Src/sysmem.o
LOAD ./Core/Src/system_stm32f1xx.o
LOAD ./Core/Startup/startup_stm32f103c8tx.o
LOAD ./Drivers/STM32F1xx_HAL_Driver/Src/stm32f1xx_hal.o
LOAD ./Drivers/STM32F1xx_HAL_Driver/Src/stm32f1xx_hal_adc.o
LOAD ./Drivers/STM32F1xx_HAL_Driver/Src/stm32f1xx_hal_adc_ex.o
LOAD ./Drivers/STM32F1xx_HAL_Driver/Src/stm32f1xx_hal_cortex.o
LOAD ./Drivers/STM32F1xx_HAL_Driver/Src/stm32f1xx_hal_dma.o
LOAD ./Drivers/STM32F1xx_HAL_Driver/Src/stm32f1xx_hal_exti.o
LOAD ./Drivers/STM32F1xx_HAL_Driver/Src/stm32f1xx_hal_flash.o
LOAD ./Drivers/STM32F1xx_HAL_Driver/Src/stm32f1xx_hal_flash_ex.o
LOAD ./Drivers/STM32F1xx_HAL_Driver/Src/stm32f1xx_hal_gpio.o
LOAD ./Drivers/STM32F1xx_HAL_Driver/Src/stm32f1xx_hal_gpio_ex.o
LOAD ./Drivers/STM32F1xx_HAL_Driver/Src/stm32f1xx_hal_pcd.o
LOAD ./Drivers/STM32F1xx_HAL_Driver/Src/stm32f1xx_hal_pcd_ex.o
LOAD ./Drivers/STM32F1xx_HAL_Driver/Src/stm32f1xx_hal_pwr.o
LOAD ./Drivers/STM32F1xx_HAL_Driver/Src/stm32f1xx_hal_rcc.o
LOAD ./Drivers/STM32F1xx_HAL_Driver/Src/stm32f1xx_hal_rcc_ex.o
LOAD ./Drivers/STM32F1xx_HAL_Driver/Src/stm32f1xx_hal_tim.o
LOAD ./Drivers/STM32F1xx_HAL_Driver/Src/stm32f1xx_hal_tim_ex.o
LOAD ./Drivers/STM32F1xx_HAL_Driver/Src/stm32f1xx_ll_usb.o
LOAD ./Middlewares/ST/STM32_USB_Device_Library/Class/CDC/Src/usbd_cdc.o
LOAD ./Middlewares/ST/STM32_USB_Device_Library/Core/Src/usbd_core.o
LOAD ./Middlewares/ST/STM32_USB_Device_Library/Core/Src/usbd_ctlreq.o
LOAD ./Middlewares/ST/STM32_USB_Device_Library/Core/Src/usbd_ioreq.o
LOAD ./USB_DEVICE/App/usb_device.o
LOAD ./USB_DEVICE/App/usbd_cdc_if.o
LOAD ./USB_DEVICE/App/usbd_desc.o
LOAD ./USB_DEVICE/Target/usbd_conf.o
START GROUP
LOAD C:/ST/STM32CubeIDE_1.16.0/STM32CubeIDE/plugins/com.st.stm32cube.ide.mcu.externaltools.gnu-tools-for-stm32.12.3.rel1.win32_1.0.200.202406191623/tools/bin/../lib/gcc/arm-none-eabi/12.3.1/../../../../arm-none-eabi/lib/thumb/v7-m/nofp\libc_nano.a
LOAD C:/ST/STM32CubeIDE_1.16.0/STM32CubeIDE/plugins/com.st.stm32cube.ide.mcu.externaltools.gnu-tools-for-stm32.12.3.rel1.win32_1.0.200.202406191623/tools/bin/../lib/gcc/arm-none-eabi/12.3.1/../../../../arm-none-eabi/lib/thumb/v7-m/nofp\libm.a
END GROUP
START GROUP
LOAD C:/ST/STM32CubeIDE_1.16.0/STM32CubeIDE/plugins/com.st.stm32cube.ide.mcu.externaltools.gnu-tools-for-stm32.12.3.rel1.win32_1.0.200.202406191623/tools/bin/../lib/gcc/arm-none-eabi/12.3.1/thumb/v7-m/nofp\libgcc.a
LOAD C:/ST/STM32CubeIDE_1.16.0/STM32CubeIDE/plugins/com.st.stm32cube.ide.mcu.externaltools.gnu-tools-for-stm32.12.3.rel1.win32_1.0.200.202406191623/tools/bin/../lib/gcc/arm-none-eabi/12.3.1/../../../../arm-none-eabi/lib/thumb/v7-m/nofp\libc_nano.a
END GROUP
START GROUP
LOAD C:/ST/STM32CubeIDE_1.16.0/STM32CubeIDE/plugins/com.st.stm32cube.ide.mcu.externaltools.gnu-tools-for-stm32.12.3.rel1.win32_1.0.200.202406191623/tools/bin/../lib/gcc/arm-none-eabi/12.3.1/thumb/v7-m/nofp\libgcc.a
LOAD C:/ST/STM32CubeIDE_1.16.0/STM32CubeIDE/plugins/com.st.stm32cube.ide.mcu.externaltools.gnu-tools-for-stm32.12.3.rel1.win32_1.0.200.202406191623/tools/bin/../lib/gcc/arm-none-eabi/12.3.1/../../../../arm-none-eabi/lib/thumb/v7-m/nofp\libc_nano.a
LOAD C:/ST/STM32CubeIDE_1.16.0/STM32CubeIDE/plugins/com.st.stm32cube.ide.mcu.externaltools.gnu-tools-for-stm32.12.3.rel1.win32_1.0.200.202406191623/tools/bin/../lib/gcc/arm-none-eabi/12.3.1/../../../../arm-none-eabi/lib/thumb/v7-m/nofp\libnosys.a
END GROUP
START GROUP
LOAD C:/ST/STM32CubeIDE_1.16.0/STM32CubeIDE/plugins/com.st.stm32cube.ide.mcu.externaltools.gnu-tools-for-stm32.12.3.rel1.win32_1.0.200.202406191623/tools/bin/../lib/gcc/arm-none-eabi/12.3.1/thumb/v7-m/nofp\libgcc.a
LOAD C:/ST/STM32CubeIDE_1.16.0/STM32CubeIDE/plugins/com.st.stm32cube.ide.mcu.externaltools.gnu-tools-for-stm32.12.3.rel1.win32_1.0.200.202406191623/tools/bin/../lib/gcc/arm-none-eabi/12.3.1/../../../../arm-none-eabi/lib/thumb/v7-m/nofp\libc_nano.a
LOAD C:/ST/STM32CubeIDE_1.16.0/STM32CubeIDE/plugins/com.st.stm32cube.ide.mcu.externaltools.gnu-tools-for-stm32.12.3.rel1.win32_1.0.200.202406191623/tools/bin/../lib/gcc/arm-none-eabi/12.3.1/../../../../arm-none-eabi/lib/thumb/v7-m/nofp\libnosys.a
END GROUP
LOAD C:/ST/STM32CubeIDE_1.16.0/STM32CubeIDE/plugins/com.st.stm32cube.ide.mcu.externaltools.gnu-tools-for-stm32.12.3.rel1.win32_1.0.200.202406191623/tools/bin/../lib/gcc/arm-none-eabi/12.3.1/thumb/v7-m/nofp/crtend.o
LOAD C:/ST/STM32CubeIDE_1.16.0/STM32CubeIDE/plugins/com.st.stm32cube.ide.mcu.externaltools.gnu-tools-for-stm32.12.3.rel1.win32_1.0.200.202406191623/tools/bin/../lib/gcc/arm-none-eabi/12.3.1/thumb/v7-m/nofp/crtn.o
                0x20005000                        _estack = (ORIGIN (RAM) + LENGTH (RAM))
                0x00000200                        _Min_Heap_Size = 0x200
                0x00000400                        _Min_Stack_Size = 0x400

.isr_vector     0x08000000      0x10c
                0x08000000                        . = ALIGN (0x4)
 *(.isr_vector)
 .isr_vector    0x08000000      0x10c ./Core/Startup/startup_stm32f103c8tx.o
                0x08000000                g_pfnVectors
                0x0800010c                        . = ALIGN (0x4)

.text           0x08000110     0xa714
                0x08000110                        . = ALIGN (0x4)
 *(.text)
 .text          0x08000110       0x40 C:/ST/STM32CubeIDE_1.16.0/STM32CubeIDE/plugins/com.st.stm32cube.ide.mcu.externaltools.gnu-tools-for-stm32.12.3.rel1.win32_1.0.200.202406191623/tools/bin/../lib/gcc/arm-none-eabi/12.3.1/thumb/v7-m/nofp/crtbegin.o
 .text          0x08000150      0x254 C:/ST/STM32CubeIDE_1.16.0/STM32CubeIDE/plugins/com.st.stm32cube.ide.mcu.externaltools.gnu-tools-for-stm32.12.3.rel1.win32_1.0.200.202406191623/tools/bin/../lib/gcc/arm-none-eabi/12.3.1/thumb/v7-m/nofp\libgcc.a(_arm_muldf3.o)
                0x08000150                __muldf3
                0x08000150                __aeabi_dmul
 .text          0x080003a4      0x378 C:/ST/STM32CubeIDE_1.16.0/STM32CubeIDE/plugins/com.st.stm32cube.ide.mcu.externaltools.gnu-tools-for-stm32.12.3.rel1.win32_1.0.200.202406191623/tools/bin/../lib/gcc/arm-none-eabi/12.3.1/thumb/v7-m/nofp\libgcc.a(_arm_addsubdf3.o)
                0x080003a4                __aeabi_drsub
                0x080003ac                __aeabi_dsub
                0x080003ac                __subdf3
                0x080003b0                __aeabi_dadd
                0x080003b0                __adddf3
                0x08000628                __floatunsidf
                0x08000628                __aeabi_ui2d
                0x08000648                __floatsidf
                0x08000648                __aeabi_i2d
                0x0800066c                __aeabi_f2d
                0x0800066c                __extendsfdf2
                0x080006b0                __floatundidf
                0x080006b0                __aeabi_ul2d
                0x080006c0                __floatdidf
                0x080006c0                __aeabi_l2d
 .text          0x0800071c       0xa0 C:/ST/STM32CubeIDE_1.16.0/STM32CubeIDE/plugins/com.st.stm32cube.ide.mcu.externaltools.gnu-tools-for-stm32.12.3.rel1.win32_1.0.200.202406191623/tools/bin/../lib/gcc/arm-none-eabi/12.3.1/thumb/v7-m/nofp\libgcc.a(_arm_truncdfsf2.o)
                0x0800071c                __truncdfsf2
                0x0800071c                __aeabi_d2f
 .text          0x080007bc      0x21c C:/ST/STM32CubeIDE_1.16.0/STM32CubeIDE/plugins/com.st.stm32cube.ide.mcu.externaltools.gnu-tools-for-stm32.12.3.rel1.win32_1.0.200.202406191623/tools/bin/../lib/gcc/arm-none-eabi/12.3.1/thumb/v7-m/nofp\libgcc.a(_arm_addsubsf3.o)
                0x080007bc                __aeabi_frsub
                0x080007c4                __subsf3
                0x080007c4                __aeabi_fsub
                0x080007c8                __aeabi_fadd
                0x080007c8                __addsf3
                0x08000928                __aeabi_ui2f
                0x08000928                __floatunsisf
                0x08000930                __aeabi_i2f
                0x08000930                __floatsisf
                0x0800094c                __aeabi_ul2f
                0x0800094c                __floatundisf
                0x0800095c                __aeabi_l2f
                0x0800095c                __floatdisf
 .text          0x080009d8      0x2a0 C:/ST/STM32CubeIDE_1.16.0/STM32CubeIDE/plugins/com.st.stm32cube.ide.mcu.externaltools.gnu-tools-for-stm32.12.3.rel1.win32_1.0.200.202406191623/tools/bin/../lib/gcc/arm-none-eabi/12.3.1/thumb/v7-m/nofp\libgcc.a(_arm_muldivsf3.o)
                0x080009d8                __mulsf3
                0x080009d8                __aeabi_fmul
                0x08000b40                __aeabi_fdiv
                0x08000b40                __divsf3
 .text          0x08000c78       0xec C:/ST/STM32CubeIDE_1.16.0/STM32CubeIDE/plugins/com.st.stm32cube.ide.mcu.externaltools.gnu-tools-for-stm32.12.3.rel1.win32_1.0.200.202406191623/tools/bin/../lib/gcc/arm-none-eabi/12.3.1/thumb/v7-m/nofp\libgcc.a(_arm_cmpsf2.o)
                0x08000c78                __gesf2
                0x08000c78                __gtsf2
                0x08000c80                __lesf2
                0x08000c80                __ltsf2
                0x08000c88                __nesf2
                0x08000c88                __eqsf2
                0x08000c88                __cmpsf2
                0x08000ce8                __aeabi_cfrcmple
                0x08000cf0                __aeabi_cfcmpeq
                0x08000cf0                __aeabi_cfcmple
                0x08000d00                __aeabi_fcmpeq
                0x08000d14                __aeabi_fcmplt
                0x08000d28                __aeabi_fcmple
                0x08000d3c                __aeabi_fcmpge
                0x08000d50                __aeabi_fcmpgt
 .text          0x08000d64       0x4c C:/ST/STM32CubeIDE_1.16.0/STM32CubeIDE/plugins/com.st.stm32cube.ide.mcu.externaltools.gnu-tools-for-stm32.12.3.rel1.win32_1.0.200.202406191623/tools/bin/../lib/gcc/arm-none-eabi/12.3.1/thumb/v7-m/nofp\libgcc.a(_arm_fixsfsi.o)
                0x08000d64                __aeabi_f2iz
                0x08000d64                __fixsfsi
 .text          0x08000db0       0x40 C:/ST/STM32CubeIDE_1.16.0/STM32CubeIDE/plugins/com.st.stm32cube.ide.mcu.externaltools.gnu-tools-for-stm32.12.3.rel1.win32_1.0.200.202406191623/tools/bin/../lib/gcc/arm-none-eabi/12.3.1/thumb/v7-m/nofp\libgcc.a(_arm_fixunssfsi.o)
                0x08000db0                __fixunssfsi
                0x08000db0                __aeabi_f2uiz
 *(.text*)
 .text.fixed_to_float
                0x08000df0       0x24 ./Core/Src/main.o
                0x08000df0                fixed_to_float
 .text.fixed_multiply
                0x08000e14       0x4c ./Core/Src/main.o
                0x08000e14                fixed_multiply
 .text.matmul   0x08000e60      0x128 ./Core/Src/main.o
                0x08000e60                matmul
 .text.vecadd   0x08000f88       0x4e ./Core/Src/main.o
                0x08000f88                vecadd
 *fill*         0x08000fd6        0x2 
 .text.HAL_TIM_IC_CaptureCallback
                0x08000fd8       0x50 ./Core/Src/main.o
                0x08000fd8                HAL_TIM_IC_CaptureCallback
 .text.HAL_ADC_ConvCpltCallback
                0x08001028      0x2d0 ./Core/Src/main.o
                0x08001028                HAL_ADC_ConvCpltCallback
 .text.main     0x080012f8       0x7c ./Core/Src/main.o
                0x080012f8                main
 .text.SystemClock_Config
                0x08001374       0xba ./Core/Src/main.o
                0x08001374                SystemClock_Config
 *fill*         0x0800142e        0x2 
 .text.MX_ADC1_Init
                0x08001430       0x7c ./Core/Src/main.o
 .text.MX_TIM1_Init
                0x080014ac      0x108 ./Core/Src/main.o
 .text.MX_TIM2_Init
                0x080015b4       0xb0 ./Core/Src/main.o
 .text.MX_TIM3_Init
                0x08001664       0xf8 ./Core/Src/main.o
 .text.MX_GPIO_Init
                0x0800175c       0xb0 ./Core/Src/main.o
 .text.Error_Handler
                0x0800180c        0xc ./Core/Src/main.o
                0x0800180c                Error_Handler
 .text.HAL_MspInit
                0x08001818       0x64 ./Core/Src/stm32f1xx_hal_msp.o
                0x08001818                HAL_MspInit
 .text.HAL_ADC_MspInit
                0x0800187c       0x88 ./Core/Src/stm32f1xx_hal_msp.o
                0x0800187c                HAL_ADC_MspInit
 .text.HAL_TIM_PWM_MspInit
                0x08001904       0x60 ./Core/Src/stm32f1xx_hal_msp.o
                0x08001904                HAL_TIM_PWM_MspInit
 .text.HAL_TIM_IC_MspInit
                0x08001964       0x8c ./Core/Src/stm32f1xx_hal_msp.o
                0x08001964                HAL_TIM_IC_MspInit
 .text.HAL_TIM_MspPostInit
                0x080019f0      0x144 ./Core/Src/stm32f1xx_hal_msp.o
                0x080019f0                HAL_TIM_MspPostInit
 .text.NMI_Handler
                0x08001b34        0x8 ./Core/Src/stm32f1xx_it.o
                0x08001b34                NMI_Handler
 .text.HardFault_Handler
                0x08001b3c        0x8 ./Core/Src/stm32f1xx_it.o
                0x08001b3c                HardFault_Handler
 .text.MemManage_Handler
                0x08001b44        0x8 ./Core/Src/stm32f1xx_it.o
                0x08001b44                MemManage_Handler
 .text.BusFault_Handler
                0x08001b4c        0x8 ./Core/Src/stm32f1xx_it.o
                0x08001b4c                BusFault_Handler
 .text.UsageFault_Handler
                0x08001b54        0x8 ./Core/Src/stm32f1xx_it.o
                0x08001b54                UsageFault_Handler
 .text.SVC_Handler
                0x08001b5c        0xc ./Core/Src/stm32f1xx_it.o
                0x08001b5c                SVC_Handler
 .text.DebugMon_Handler
                0x08001b68        0xc ./Core/Src/stm32f1xx_it.o
                0x08001b68                DebugMon_Handler
 .text.PendSV_Handler
                0x08001b74        0xc ./Core/Src/stm32f1xx_it.o
                0x08001b74                PendSV_Handler
 .text.SysTick_Handler
                0x08001b80        0xc ./Core/Src/stm32f1xx_it.o
                0x08001b80                SysTick_Handler
 .text.ADC1_2_IRQHandler
                0x08001b8c       0x14 ./Core/Src/stm32f1xx_it.o
                0x08001b8c                ADC1_2_IRQHandler
 .text.USB_LP_CAN1_RX0_IRQHandler
                0x08001ba0       0x14 ./Core/Src/stm32f1xx_it.o
                0x08001ba0                USB_LP_CAN1_RX0_IRQHandler
 .text.TIM3_IRQHandler
                0x08001bb4       0x14 ./Core/Src/stm32f1xx_it.o
                0x08001bb4                TIM3_IRQHandler
 .text.SystemInit
                0x08001bc8        0xc ./Core/Src/system_stm32f1xx.o
                0x08001bc8                SystemInit
 .text.Reset_Handler
                0x08001bd4       0x48 ./Core/Startup/startup_stm32f103c8tx.o
                0x08001bd4                Reset_Handler
 .text.Default_Handler
                0x08001c1c        0x2 ./Core/Startup/startup_stm32f103c8tx.o
                0x08001c1c                RTC_Alarm_IRQHandler
                0x08001c1c                EXTI2_IRQHandler
                0x08001c1c                TIM1_CC_IRQHandler
                0x08001c1c                PVD_IRQHandler
                0x08001c1c                EXTI3_IRQHandler
                0x08001c1c                EXTI0_IRQHandler
                0x08001c1c                I2C2_EV_IRQHandler
                0x08001c1c                SPI1_IRQHandler
                0x08001c1c                TAMPER_IRQHandler
                0x08001c1c                DMA1_Channel4_IRQHandler
                0x08001c1c                USART3_IRQHandler
                0x08001c1c                RTC_IRQHandler
                0x08001c1c                DMA1_Channel7_IRQHandler
                0x08001c1c                CAN1_RX1_IRQHandler
                0x08001c1c                TIM4_IRQHandler
                0x08001c1c                I2C1_EV_IRQHandler
                0x08001c1c                DMA1_Channel6_IRQHandler
                0x08001c1c                RCC_IRQHandler
                0x08001c1c                TIM1_TRG_COM_IRQHandler
                0x08001c1c                DMA1_Channel1_IRQHandler
                0x08001c1c                Default_Handler
                0x08001c1c                EXTI15_10_IRQHandler
                0x08001c1c                EXTI9_5_IRQHandler
                0x08001c1c                SPI2_IRQHandler
                0x08001c1c                DMA1_Channel5_IRQHandler
                0x08001c1c                EXTI4_IRQHandler
                0x08001c1c                USB_HP_CAN1_TX_IRQHandler
                0x08001c1c                DMA1_Channel3_IRQHandler
                0x08001c1c                TIM1_UP_IRQHandler
                0x08001c1c                WWDG_IRQHandler
                0x08001c1c                TIM2_IRQHandler
                0x08001c1c                TIM1_BRK_IRQHandler
                0x08001c1c                EXTI1_IRQHandler
                0x08001c1c                USART2_IRQHandler
                0x08001c1c                I2C2_ER_IRQHandler
                0x08001c1c                DMA1_Channel2_IRQHandler
                0x08001c1c                CAN1_SCE_IRQHandler
                0x08001c1c                FLASH_IRQHandler
                0x08001c1c                USART1_IRQHandler
                0x08001c1c                I2C1_ER_IRQHandler
                0x08001c1c                USBWakeUp_IRQHandler
 *fill*         0x08001c1e        0x2 
 .text.HAL_Init
                0x08001c20       0x2c ./Drivers/STM32F1xx_HAL_Driver/Src/stm32f1xx_hal.o
                0x08001c20                HAL_Init
 .text.HAL_InitTick
                0x08001c4c       0x60 ./Drivers/STM32F1xx_HAL_Driver/Src/stm32f1xx_hal.o
                0x08001c4c                HAL_InitTick
 .text.HAL_IncTick
                0x08001cac       0x24 ./Drivers/STM32F1xx_HAL_Driver/Src/stm32f1xx_hal.o
                0x08001cac                HAL_IncTick
 .text.HAL_GetTick
                0x08001cd0       0x14 ./Drivers/STM32F1xx_HAL_Driver/Src/stm32f1xx_hal.o
                0x08001cd0                HAL_GetTick
 .text.HAL_ADC_Init
                0x08001ce4      0x1b0 ./Drivers/STM32F1xx_HAL_Driver/Src/stm32f1xx_hal_adc.o
                0x08001ce4                HAL_ADC_Init
 .text.HAL_ADC_Start_IT
                0x08001e94      0x16c ./Drivers/STM32F1xx_HAL_Driver/Src/stm32f1xx_hal_adc.o
                0x08001e94                HAL_ADC_Start_IT
 .text.HAL_ADC_GetValue
                0x08002000       0x18 ./Drivers/STM32F1xx_HAL_Driver/Src/stm32f1xx_hal_adc.o
                0x08002000                HAL_ADC_GetValue
 .text.HAL_ADC_IRQHandler
                0x08002018      0x17e ./Drivers/STM32F1xx_HAL_Driver/Src/stm32f1xx_hal_adc.o
                0x08002018                HAL_ADC_IRQHandler
 .text.HAL_ADC_LevelOutOfWindowCallback
                0x08002196       0x12 ./Drivers/STM32F1xx_HAL_Driver/Src/stm32f1xx_hal_adc.o
                0x08002196                HAL_ADC_LevelOutOfWindowCallback
 .text.HAL_ADC_ConfigChannel
                0x080021a8      0x1f0 ./Drivers/STM32F1xx_HAL_Driver/Src/stm32f1xx_hal_adc.o
                0x080021a8                HAL_ADC_ConfigChannel
 .text.ADC_Enable
                0x08002398       0xb4 ./Drivers/STM32F1xx_HAL_Driver/Src/stm32f1xx_hal_adc.o
                0x08002398                ADC_Enable
 .text.ADC_ConversionStop_Disable
                0x0800244c       0x82 ./Drivers/STM32F1xx_HAL_Driver/Src/stm32f1xx_hal_adc.o
                0x0800244c                ADC_ConversionStop_Disable
 .text.HAL_ADCEx_InjectedConvCpltCallback
                0x080024ce       0x12 ./Drivers/STM32F1xx_HAL_Driver/Src/stm32f1xx_hal_adc_ex.o
                0x080024ce                HAL_ADCEx_InjectedConvCpltCallback
 .text.__NVIC_SetPriorityGrouping
                0x080024e0       0x48 ./Drivers/STM32F1xx_HAL_Driver/Src/stm32f1xx_hal_cortex.o
 .text.__NVIC_GetPriorityGrouping
                0x08002528       0x1c ./Drivers/STM32F1xx_HAL_Driver/Src/stm32f1xx_hal_cortex.o
 .text.__NVIC_EnableIRQ
                0x08002544       0x38 ./Drivers/STM32F1xx_HAL_Driver/Src/stm32f1xx_hal_cortex.o
 .text.__NVIC_SetPriority
                0x0800257c       0x54 ./Drivers/STM32F1xx_HAL_Driver/Src/stm32f1xx_hal_cortex.o
 .text.NVIC_EncodePriority
                0x080025d0       0x64 ./Drivers/STM32F1xx_HAL_Driver/Src/stm32f1xx_hal_cortex.o
 .text.SysTick_Config
                0x08002634       0x44 ./Drivers/STM32F1xx_HAL_Driver/Src/stm32f1xx_hal_cortex.o
 .text.HAL_NVIC_SetPriorityGrouping
                0x08002678       0x16 ./Drivers/STM32F1xx_HAL_Driver/Src/stm32f1xx_hal_cortex.o
                0x08002678                HAL_NVIC_SetPriorityGrouping
 .text.HAL_NVIC_SetPriority
                0x0800268e       0x38 ./Drivers/STM32F1xx_HAL_Driver/Src/stm32f1xx_hal_cortex.o
                0x0800268e                HAL_NVIC_SetPriority
 .text.HAL_NVIC_EnableIRQ
                0x080026c6       0x1c ./Drivers/STM32F1xx_HAL_Driver/Src/stm32f1xx_hal_cortex.o
                0x080026c6                HAL_NVIC_EnableIRQ
 .text.HAL_SYSTICK_Config
                0x080026e2       0x18 ./Drivers/STM32F1xx_HAL_Driver/Src/stm32f1xx_hal_cortex.o
                0x080026e2                HAL_SYSTICK_Config
 *fill*         0x080026fa        0x2 
 .text.HAL_GPIO_Init
                0x080026fc      0x308 ./Drivers/STM32F1xx_HAL_Driver/Src/stm32f1xx_hal_gpio.o
                0x080026fc                HAL_GPIO_Init
 .text.HAL_GPIO_WritePin
                0x08002a04       0x30 ./Drivers/STM32F1xx_HAL_Driver/Src/stm32f1xx_hal_gpio.o
                0x08002a04                HAL_GPIO_WritePin
 .text.HAL_GPIO_TogglePin
                0x08002a34       0x32 ./Drivers/STM32F1xx_HAL_Driver/Src/stm32f1xx_hal_gpio.o
                0x08002a34                HAL_GPIO_TogglePin
 .text.HAL_PCD_Init
                0x08002a66      0x1ec ./Drivers/STM32F1xx_HAL_Driver/Src/stm32f1xx_hal_pcd.o
                0x08002a66                HAL_PCD_Init
 .text.HAL_PCD_Start
                0x08002c52       0x4c ./Drivers/STM32F1xx_HAL_Driver/Src/stm32f1xx_hal_pcd.o
                0x08002c52                HAL_PCD_Start
 .text.HAL_PCD_IRQHandler
                0x08002c9e      0x260 ./Drivers/STM32F1xx_HAL_Driver/Src/stm32f1xx_hal_pcd.o
                0x08002c9e                HAL_PCD_IRQHandler
 .text.HAL_PCD_SetAddress
                0x08002efe       0x48 ./Drivers/STM32F1xx_HAL_Driver/Src/stm32f1xx_hal_pcd.o
                0x08002efe                HAL_PCD_SetAddress
 .text.HAL_PCD_EP_Open
                0x08002f46       0xba ./Drivers/STM32F1xx_HAL_Driver/Src/stm32f1xx_hal_pcd.o
                0x08002f46                HAL_PCD_EP_Open
 .text.HAL_PCD_EP_Close
                0x08003000       0x90 ./Drivers/STM32F1xx_HAL_Driver/Src/stm32f1xx_hal_pcd.o
                0x08003000                HAL_PCD_EP_Close
 .text.HAL_PCD_EP_Receive
                0x08003090       0x62 ./Drivers/STM32F1xx_HAL_Driver/Src/stm32f1xx_hal_pcd.o
                0x08003090                HAL_PCD_EP_Receive
 .text.HAL_PCD_EP_GetRxCount
                0x080030f2       0x2e ./Drivers/STM32F1xx_HAL_Driver/Src/stm32f1xx_hal_pcd.o
                0x080030f2                HAL_PCD_EP_GetRxCount
 .text.HAL_PCD_EP_Transmit
                0x08003120       0x6e ./Drivers/STM32F1xx_HAL_Driver/Src/stm32f1xx_hal_pcd.o
                0x08003120                HAL_PCD_EP_Transmit
 .text.HAL_PCD_EP_SetStall
                0x0800318e       0xc0 ./Drivers/STM32F1xx_HAL_Driver/Src/stm32f1xx_hal_pcd.o
                0x0800318e                HAL_PCD_EP_SetStall
 .text.HAL_PCD_EP_ClrStall
                0x0800324e       0xa8 ./Drivers/STM32F1xx_HAL_Driver/Src/stm32f1xx_hal_pcd.o
                0x0800324e                HAL_PCD_EP_ClrStall
 .text.PCD_EP_ISR_Handler
                0x080032f6      0x79e ./Drivers/STM32F1xx_HAL_Driver/Src/stm32f1xx_hal_pcd.o
 .text.HAL_PCD_EP_DB_Receive
                0x08003a94      0x21a ./Drivers/STM32F1xx_HAL_Driver/Src/stm32f1xx_hal_pcd.o
 .text.HAL_PCD_EP_DB_Transmit
                0x08003cae      0x7f4 ./Drivers/STM32F1xx_HAL_Driver/Src/stm32f1xx_hal_pcd.o
 .text.HAL_PCDEx_PMAConfig
                0x080044a2       0x84 ./Drivers/STM32F1xx_HAL_Driver/Src/stm32f1xx_hal_pcd_ex.o
                0x080044a2                HAL_PCDEx_PMAConfig
 *fill*         0x08004526        0x2 
 .text.HAL_RCC_OscConfig
                0x08004528      0x504 ./Drivers/STM32F1xx_HAL_Driver/Src/stm32f1xx_hal_rcc.o
                0x08004528                HAL_RCC_OscConfig
 .text.HAL_RCC_ClockConfig
                0x08004a2c      0x1d4 ./Drivers/STM32F1xx_HAL_Driver/Src/stm32f1xx_hal_rcc.o
                0x08004a2c                HAL_RCC_ClockConfig
 .text.HAL_RCC_GetSysClockFreq
                0x08004c00       0xa8 ./Drivers/STM32F1xx_HAL_Driver/Src/stm32f1xx_hal_rcc.o
                0x08004c00                HAL_RCC_GetSysClockFreq
 .text.RCC_Delay
                0x08004ca8       0x3c ./Drivers/STM32F1xx_HAL_Driver/Src/stm32f1xx_hal_rcc.o
 .text.HAL_RCCEx_PeriphCLKConfig
                0x08004ce4      0x16c ./Drivers/STM32F1xx_HAL_Driver/Src/stm32f1xx_hal_rcc_ex.o
                0x08004ce4                HAL_RCCEx_PeriphCLKConfig
 .text.HAL_TIM_PWM_Init
                0x08004e50       0x9e ./Drivers/STM32F1xx_HAL_Driver/Src/stm32f1xx_hal_tim.o
                0x08004e50                HAL_TIM_PWM_Init
 *fill*         0x08004eee        0x2 
 .text.HAL_TIM_PWM_Start
                0x08004ef0      0x144 ./Drivers/STM32F1xx_HAL_Driver/Src/stm32f1xx_hal_tim.o
                0x08004ef0                HAL_TIM_PWM_Start
 .text.HAL_TIM_IC_Init
                0x08005034       0x9e ./Drivers/STM32F1xx_HAL_Driver/Src/stm32f1xx_hal_tim.o
                0x08005034                HAL_TIM_IC_Init
 *fill*         0x080050d2        0x2 
 .text.HAL_TIM_IC_Start_IT
                0x080050d4      0x218 ./Drivers/STM32F1xx_HAL_Driver/Src/stm32f1xx_hal_tim.o
                0x080050d4                HAL_TIM_IC_Start_IT
 .text.HAL_TIM_IRQHandler
                0x080052ec      0x1e0 ./Drivers/STM32F1xx_HAL_Driver/Src/stm32f1xx_hal_tim.o
                0x080052ec                HAL_TIM_IRQHandler
 .text.HAL_TIM_IC_ConfigChannel
                0x080054cc      0x138 ./Drivers/STM32F1xx_HAL_Driver/Src/stm32f1xx_hal_tim.o
                0x080054cc                HAL_TIM_IC_ConfigChannel
 .text.HAL_TIM_PWM_ConfigChannel
                0x08005604      0x184 ./Drivers/STM32F1xx_HAL_Driver/Src/stm32f1xx_hal_tim.o
                0x08005604                HAL_TIM_PWM_ConfigChannel
 .text.HAL_TIM_PeriodElapsedCallback
                0x08005788       0x12 ./Drivers/STM32F1xx_HAL_Driver/Src/stm32f1xx_hal_tim.o
                0x08005788                HAL_TIM_PeriodElapsedCallback
 .text.HAL_TIM_OC_DelayElapsedCallback
                0x0800579a       0x12 ./Drivers/STM32F1xx_HAL_Driver/Src/stm32f1xx_hal_tim.o
                0x0800579a                HAL_TIM_OC_DelayElapsedCallback
 .text.HAL_TIM_PWM_PulseFinishedCallback
                0x080057ac       0x12 ./Drivers/STM32F1xx_HAL_Driver/Src/stm32f1xx_hal_tim.o
                0x080057ac                HAL_TIM_PWM_PulseFinishedCallback
 .text.HAL_TIM_TriggerCallback
                0x080057be       0x12 ./Drivers/STM32F1xx_HAL_Driver/Src/stm32f1xx_hal_tim.o
                0x080057be                HAL_TIM_TriggerCallback
 .text.TIM_Base_SetConfig
                0x080057d0       0xdc ./Drivers/STM32F1xx_HAL_Driver/Src/stm32f1xx_hal_tim.o
                0x080057d0                TIM_Base_SetConfig
 .text.TIM_OC1_SetConfig
                0x080058ac       0xcc ./Drivers/STM32F1xx_HAL_Driver/Src/stm32f1xx_hal_tim.o
 .text.TIM_OC2_SetConfig
                0x08005978       0xd4 ./Drivers/STM32F1xx_HAL_Driver/Src/stm32f1xx_hal_tim.o
                0x08005978                TIM_OC2_SetConfig
 .text.TIM_OC3_SetConfig
                0x08005a4c       0xd4 ./Drivers/STM32F1xx_HAL_Driver/Src/stm32f1xx_hal_tim.o
 .text.TIM_OC4_SetConfig
                0x08005b20       0x9c ./Drivers/STM32F1xx_HAL_Driver/Src/stm32f1xx_hal_tim.o
 .text.TIM_TI1_SetConfig
                0x08005bbc       0xb4 ./Drivers/STM32F1xx_HAL_Driver/Src/stm32f1xx_hal_tim.o
                0x08005bbc                TIM_TI1_SetConfig
 .text.TIM_TI2_SetConfig
                0x08005c70       0x78 ./Drivers/STM32F1xx_HAL_Driver/Src/stm32f1xx_hal_tim.o
 .text.TIM_TI3_SetConfig
                0x08005ce8       0x76 ./Drivers/STM32F1xx_HAL_Driver/Src/stm32f1xx_hal_tim.o
 .text.TIM_TI4_SetConfig
                0x08005d5e       0x78 ./Drivers/STM32F1xx_HAL_Driver/Src/stm32f1xx_hal_tim.o
 .text.TIM_CCxChannelCmd
                0x08005dd6       0x48 ./Drivers/STM32F1xx_HAL_Driver/Src/stm32f1xx_hal_tim.o
                0x08005dd6                TIM_CCxChannelCmd
 *fill*         0x08005e1e        0x2 
 .text.HAL_TIMEx_PWMN_Start
                0x08005e20      0x13c ./Drivers/STM32F1xx_HAL_Driver/Src/stm32f1xx_hal_tim_ex.o
                0x08005e20                HAL_TIMEx_PWMN_Start
 .text.HAL_TIMEx_MasterConfigSynchronization
                0x08005f5c       0xbc ./Drivers/STM32F1xx_HAL_Driver/Src/stm32f1xx_hal_tim_ex.o
                0x08005f5c                HAL_TIMEx_MasterConfigSynchronization
 .text.HAL_TIMEx_ConfigBreakDeadTime
                0x08006018       0xa2 ./Drivers/STM32F1xx_HAL_Driver/Src/stm32f1xx_hal_tim_ex.o
                0x08006018                HAL_TIMEx_ConfigBreakDeadTime
 .text.HAL_TIMEx_CommutCallback
                0x080060ba       0x12 ./Drivers/STM32F1xx_HAL_Driver/Src/stm32f1xx_hal_tim_ex.o
                0x080060ba                HAL_TIMEx_CommutCallback
 .text.HAL_TIMEx_BreakCallback
                0x080060cc       0x12 ./Drivers/STM32F1xx_HAL_Driver/Src/stm32f1xx_hal_tim_ex.o
                0x080060cc                HAL_TIMEx_BreakCallback
 .text.TIM_CCxNChannelCmd
                0x080060de       0x48 ./Drivers/STM32F1xx_HAL_Driver/Src/stm32f1xx_hal_tim_ex.o
 .text.USB_CoreInit
                0x08006126       0x1a ./Drivers/STM32F1xx_HAL_Driver/Src/stm32f1xx_ll_usb.o
                0x08006126                USB_CoreInit
 .text.USB_EnableGlobalInt
                0x08006140       0x2c ./Drivers/STM32F1xx_HAL_Driver/Src/stm32f1xx_ll_usb.o
                0x08006140                USB_EnableGlobalInt
 .text.USB_DisableGlobalInt
                0x0800616c       0x34 ./Drivers/STM32F1xx_HAL_Driver/Src/stm32f1xx_ll_usb.o
                0x0800616c                USB_DisableGlobalInt
 .text.USB_SetCurrentMode
                0x080061a0       0x18 ./Drivers/STM32F1xx_HAL_Driver/Src/stm32f1xx_ll_usb.o
                0x080061a0                USB_SetCurrentMode
 .text.USB_DevInit
                0x080061b8       0x3a ./Drivers/STM32F1xx_HAL_Driver/Src/stm32f1xx_ll_usb.o
                0x080061b8                USB_DevInit
 *fill*         0x080061f2        0x2 
 .text.USB_ActivateEndpoint
                0x080061f4      0x780 ./Drivers/STM32F1xx_HAL_Driver/Src/stm32f1xx_ll_usb.o
                0x080061f4                USB_ActivateEndpoint
 .text.USB_DeactivateEndpoint
                0x08006974      0x3d8 ./Drivers/STM32F1xx_HAL_Driver/Src/stm32f1xx_ll_usb.o
                0x08006974                USB_DeactivateEndpoint
 .text.USB_EPStartXfer
                0x08006d4c     0x1762 ./Drivers/STM32F1xx_HAL_Driver/Src/stm32f1xx_ll_usb.o
                0x08006d4c                USB_EPStartXfer
 .text.USB_EPSetStall
                0x080084ae       0xa0 ./Drivers/STM32F1xx_HAL_Driver/Src/stm32f1xx_ll_usb.o
                0x080084ae                USB_EPSetStall
 .text.USB_EPClearStall
                0x0800854e      0x15a ./Drivers/STM32F1xx_HAL_Driver/Src/stm32f1xx_ll_usb.o
                0x0800854e                USB_EPClearStall
 .text.USB_SetDevAddress
                0x080086a8       0x26 ./Drivers/STM32F1xx_HAL_Driver/Src/stm32f1xx_ll_usb.o
                0x080086a8                USB_SetDevAddress
 .text.USB_DevConnect
                0x080086ce       0x14 ./Drivers/STM32F1xx_HAL_Driver/Src/stm32f1xx_ll_usb.o
                0x080086ce                USB_DevConnect
 .text.USB_DevDisconnect
                0x080086e2       0x14 ./Drivers/STM32F1xx_HAL_Driver/Src/stm32f1xx_ll_usb.o
                0x080086e2                USB_DevDisconnect
 .text.USB_ReadInterrupts
                0x080086f6       0x1e ./Drivers/STM32F1xx_HAL_Driver/Src/stm32f1xx_ll_usb.o
                0x080086f6                USB_ReadInterrupts
 .text.USB_EP0_OutStart
                0x08008714       0x16 ./Drivers/STM32F1xx_HAL_Driver/Src/stm32f1xx_ll_usb.o
                0x08008714                USB_EP0_OutStart
 .text.USB_WritePMA
                0x0800872a       0x8a ./Drivers/STM32F1xx_HAL_Driver/Src/stm32f1xx_ll_usb.o
                0x0800872a                USB_WritePMA
 .text.USB_ReadPMA
                0x080087b4       0x9e ./Drivers/STM32F1xx_HAL_Driver/Src/stm32f1xx_ll_usb.o
                0x080087b4                USB_ReadPMA
 .text.USBD_CDC_Init
                0x08008852       0xf4 ./Middlewares/ST/STM32_USB_Device_Library/Class/CDC/Src/usbd_cdc.o
 .text.USBD_CDC_DeInit
                0x08008946       0x6e ./Middlewares/ST/STM32_USB_Device_Library/Class/CDC/Src/usbd_cdc.o
 .text.USBD_CDC_Setup
                0x080089b4      0x146 ./Middlewares/ST/STM32_USB_Device_Library/Class/CDC/Src/usbd_cdc.o
 .text.USBD_CDC_DataIn
                0x08008afa       0xa6 ./Middlewares/ST/STM32_USB_Device_Library/Class/CDC/Src/usbd_cdc.o
 .text.USBD_CDC_DataOut
                0x08008ba0       0x56 ./Middlewares/ST/STM32_USB_Device_Library/Class/CDC/Src/usbd_cdc.o
 .text.USBD_CDC_EP0_RxReady
                0x08008bf6       0x4e ./Middlewares/ST/STM32_USB_Device_Library/Class/CDC/Src/usbd_cdc.o
 .text.USBD_CDC_GetFSCfgDesc
                0x08008c44       0x20 ./Middlewares/ST/STM32_USB_Device_Library/Class/CDC/Src/usbd_cdc.o
 .text.USBD_CDC_GetHSCfgDesc
                0x08008c64       0x20 ./Middlewares/ST/STM32_USB_Device_Library/Class/CDC/Src/usbd_cdc.o
 .text.USBD_CDC_GetOtherSpeedCfgDesc
                0x08008c84       0x20 ./Middlewares/ST/STM32_USB_Device_Library/Class/CDC/Src/usbd_cdc.o
 .text.USBD_CDC_GetDeviceQualifierDescriptor
                0x08008ca4       0x20 ./Middlewares/ST/STM32_USB_Device_Library/Class/CDC/Src/usbd_cdc.o
                0x08008ca4                USBD_CDC_GetDeviceQualifierDescriptor
 .text.USBD_CDC_RegisterInterface
                0x08008cc4       0x2c ./Middlewares/ST/STM32_USB_Device_Library/Class/CDC/Src/usbd_cdc.o
                0x08008cc4                USBD_CDC_RegisterInterface
 .text.USBD_CDC_SetTxBuffer
                0x08008cf0       0x32 ./Middlewares/ST/STM32_USB_Device_Library/Class/CDC/Src/usbd_cdc.o
                0x08008cf0                USBD_CDC_SetTxBuffer
 .text.USBD_CDC_SetRxBuffer
                0x08008d22       0x26 ./Middlewares/ST/STM32_USB_Device_Library/Class/CDC/Src/usbd_cdc.o
                0x08008d22                USBD_CDC_SetRxBuffer
 .text.USBD_CDC_ReceivePacket
                0x08008d48       0x54 ./Middlewares/ST/STM32_USB_Device_Library/Class/CDC/Src/usbd_cdc.o
                0x08008d48                USBD_CDC_ReceivePacket
 .text.USBD_Init
                0x08008d9c       0x56 ./Middlewares/ST/STM32_USB_Device_Library/Core/Src/usbd_core.o
                0x08008d9c                USBD_Init
 .text.USBD_RegisterClass
                0x08008df2       0x32 ./Middlewares/ST/STM32_USB_Device_Library/Core/Src/usbd_core.o
                0x08008df2                USBD_RegisterClass
 .text.USBD_Start
                0x08008e24       0x18 ./Middlewares/ST/STM32_USB_Device_Library/Core/Src/usbd_core.o
                0x08008e24                USBD_Start
 .text.USBD_RunTestMode
                0x08008e3c       0x14 ./Middlewares/ST/STM32_USB_Device_Library/Core/Src/usbd_core.o
                0x08008e3c                USBD_RunTestMode
 .text.USBD_SetClassConfig
                0x08008e50       0x3e ./Middlewares/ST/STM32_USB_Device_Library/Core/Src/usbd_core.o
                0x08008e50                USBD_SetClassConfig
 .text.USBD_ClrClassConfig
                0x08008e8e       0x26 ./Middlewares/ST/STM32_USB_Device_Library/Core/Src/usbd_core.o
                0x08008e8e                USBD_ClrClassConfig
 .text.USBD_LL_SetupStage
                0x08008eb4       0x9a ./Middlewares/ST/STM32_USB_Device_Library/Core/Src/usbd_core.o
                0x08008eb4                USBD_LL_SetupStage
 .text.USBD_LL_DataOutStage
                0x08008f4e       0xe2 ./Middlewares/ST/STM32_USB_Device_Library/Core/Src/usbd_core.o
                0x08008f4e                USBD_LL_DataOutStage
 .text.USBD_LL_DataInStage
                0x08009030      0x14a ./Middlewares/ST/STM32_USB_Device_Library/Core/Src/usbd_core.o
                0x08009030                USBD_LL_DataInStage
 .text.USBD_LL_Reset
                0x0800917a       0x82 ./Middlewares/ST/STM32_USB_Device_Library/Core/Src/usbd_core.o
                0x0800917a                USBD_LL_Reset
 .text.USBD_LL_SetSpeed
                0x080091fc       0x1e ./Middlewares/ST/STM32_USB_Device_Library/Core/Src/usbd_core.o
                0x080091fc                USBD_LL_SetSpeed
 .text.USBD_LL_Suspend
                0x0800921a       0x28 ./Middlewares/ST/STM32_USB_Device_Library/Core/Src/usbd_core.o
                0x0800921a                USBD_LL_Suspend
 .text.USBD_LL_Resume
                0x08009242       0x2a ./Middlewares/ST/STM32_USB_Device_Library/Core/Src/usbd_core.o
                0x08009242                USBD_LL_Resume
 .text.USBD_LL_SOF
                0x0800926c       0x34 ./Middlewares/ST/STM32_USB_Device_Library/Core/Src/usbd_core.o
                0x0800926c                USBD_LL_SOF
 .text.USBD_StdDevReq
                0x080092a0       0xd4 ./Middlewares/ST/STM32_USB_Device_Library/Core/Src/usbd_ctlreq.o
                0x080092a0                USBD_StdDevReq
 .text.USBD_StdItfReq
                0x08009374       0x90 ./Middlewares/ST/STM32_USB_Device_Library/Core/Src/usbd_ctlreq.o
                0x08009374                USBD_StdItfReq
 .text.USBD_StdEPReq
                0x08009404      0x2c6 ./Middlewares/ST/STM32_USB_Device_Library/Core/Src/usbd_ctlreq.o
                0x08009404                USBD_StdEPReq
 *fill*         0x080096ca        0x2 
 .text.USBD_GetDescriptor
                0x080096cc      0x2d0 ./Middlewares/ST/STM32_USB_Device_Library/Core/Src/usbd_ctlreq.o
 .text.USBD_SetAddress
                0x0800999c       0x86 ./Middlewares/ST/STM32_USB_Device_Library/Core/Src/usbd_ctlreq.o
 *fill*         0x08009a22        0x2 
 .text.USBD_SetConfig
                0x08009a24      0x11c ./Middlewares/ST/STM32_USB_Device_Library/Core/Src/usbd_ctlreq.o
 .text.USBD_GetConfig
                0x08009b40       0x6a ./Middlewares/ST/STM32_USB_Device_Library/Core/Src/usbd_ctlreq.o
 .text.USBD_GetStatus
                0x08009baa       0x66 ./Middlewares/ST/STM32_USB_Device_Library/Core/Src/usbd_ctlreq.o
 .text.USBD_SetFeature
                0x08009c10       0x28 ./Middlewares/ST/STM32_USB_Device_Library/Core/Src/usbd_ctlreq.o
 .text.USBD_ClrFeature
                0x08009c38       0x42 ./Middlewares/ST/STM32_USB_Device_Library/Core/Src/usbd_ctlreq.o
 .text.USBD_ParseSetupRequest
                0x08009c7a       0x72 ./Middlewares/ST/STM32_USB_Device_Library/Core/Src/usbd_ctlreq.o
                0x08009c7a                USBD_ParseSetupRequest
 .text.USBD_CtlError
                0x08009cec       0x22 ./Middlewares/ST/STM32_USB_Device_Library/Core/Src/usbd_ctlreq.o
                0x08009cec                USBD_CtlError
 .text.USBD_GetString
                0x08009d0e       0x84 ./Middlewares/ST/STM32_USB_Device_Library/Core/Src/usbd_ctlreq.o
                0x08009d0e                USBD_GetString
 .text.USBD_GetLen
                0x08009d92       0x2e ./Middlewares/ST/STM32_USB_Device_Library/Core/Src/usbd_ctlreq.o
 .text.USBD_CtlSendData
                0x08009dc0       0x38 ./Middlewares/ST/STM32_USB_Device_Library/Core/Src/usbd_ioreq.o
                0x08009dc0                USBD_CtlSendData
 .text.USBD_CtlContinueSendData
                0x08009df8       0x24 ./Middlewares/ST/STM32_USB_Device_Library/Core/Src/usbd_ioreq.o
                0x08009df8                USBD_CtlContinueSendData
 .text.USBD_CtlPrepareRx
                0x08009e1c       0x3c ./Middlewares/ST/STM32_USB_Device_Library/Core/Src/usbd_ioreq.o
                0x08009e1c                USBD_CtlPrepareRx
 .text.USBD_CtlContinueRx
                0x08009e58       0x24 ./Middlewares/ST/STM32_USB_Device_Library/Core/Src/usbd_ioreq.o
                0x08009e58                USBD_CtlContinueRx
 .text.USBD_CtlSendStatus
                0x08009e7c       0x26 ./Middlewares/ST/STM32_USB_Device_Library/Core/Src/usbd_ioreq.o
                0x08009e7c                USBD_CtlSendStatus
 .text.USBD_CtlReceiveStatus
                0x08009ea2       0x26 ./Middlewares/ST/STM32_USB_Device_Library/Core/Src/usbd_ioreq.o
                0x08009ea2                USBD_CtlReceiveStatus
 .text.MX_USB_DEVICE_Init
                0x08009ec8       0x60 ./USB_DEVICE/App/usb_device.o
                0x08009ec8                MX_USB_DEVICE_Init
 .text.CDC_Init_FS
                0x08009f28       0x28 ./USB_DEVICE/App/usbd_cdc_if.o
 .text.CDC_DeInit_FS
                0x08009f50        0xe ./USB_DEVICE/App/usbd_cdc_if.o
 *fill*         0x08009f5e        0x2 
 .text.CDC_Control_FS
                0x08009f60       0xbc ./USB_DEVICE/App/usbd_cdc_if.o
 .text.CDC_Receive_FS
                0x0800a01c       0x28 ./USB_DEVICE/App/usbd_cdc_if.o
 .text.USBD_FS_DeviceDescriptor
                0x0800a044       0x24 ./USB_DEVICE/App/usbd_desc.o
                0x0800a044                USBD_FS_DeviceDescriptor
 .text.USBD_FS_LangIDStrDescriptor
                0x0800a068       0x24 ./USB_DEVICE/App/usbd_desc.o
                0x0800a068                USBD_FS_LangIDStrDescriptor
 .text.USBD_FS_ProductStrDescriptor
                0x0800a08c       0x3c ./USB_DEVICE/App/usbd_desc.o
                0x0800a08c                USBD_FS_ProductStrDescriptor
 .text.USBD_FS_ManufacturerStrDescriptor
                0x0800a0c8       0x28 ./USB_DEVICE/App/usbd_desc.o
                0x0800a0c8                USBD_FS_ManufacturerStrDescriptor
 .text.USBD_FS_SerialStrDescriptor
                0x0800a0f0       0x24 ./USB_DEVICE/App/usbd_desc.o
                0x0800a0f0                USBD_FS_SerialStrDescriptor
 .text.USBD_FS_ConfigStrDescriptor
                0x0800a114       0x3c ./USB_DEVICE/App/usbd_desc.o
                0x0800a114                USBD_FS_ConfigStrDescriptor
 .text.USBD_FS_InterfaceStrDescriptor
                0x0800a150       0x3c ./USB_DEVICE/App/usbd_desc.o
                0x0800a150                USBD_FS_InterfaceStrDescriptor
 .text.Get_SerialNum
                0x0800a18c       0x58 ./USB_DEVICE/App/usbd_desc.o
 .text.IntToUnicode
                0x0800a1e4       0x7c ./USB_DEVICE/App/usbd_desc.o
 .text.HAL_PCD_MspInit
                0x0800a260       0x4c ./USB_DEVICE/Target/usbd_conf.o
                0x0800a260                HAL_PCD_MspInit
 .text.HAL_PCD_SetupStageCallback
                0x0800a2ac       0x24 ./USB_DEVICE/Target/usbd_conf.o
                0x0800a2ac                HAL_PCD_SetupStageCallback
 .text.HAL_PCD_DataOutStageCallback
                0x0800a2d0       0x36 ./USB_DEVICE/Target/usbd_conf.o
                0x0800a2d0                HAL_PCD_DataOutStageCallback
 .text.HAL_PCD_DataInStageCallback
                0x0800a306       0x34 ./USB_DEVICE/Target/usbd_conf.o
                0x0800a306                HAL_PCD_DataInStageCallback
 .text.HAL_PCD_SOFCallback
                0x0800a33a       0x1c ./USB_DEVICE/Target/usbd_conf.o
                0x0800a33a                HAL_PCD_SOFCallback
 .text.HAL_PCD_ResetCallback
                0x0800a356       0x3c ./USB_DEVICE/Target/usbd_conf.o
                0x0800a356                HAL_PCD_ResetCallback
 *fill*         0x0800a392        0x2 
 .text.HAL_PCD_SuspendCallback
                0x0800a394       0x34 ./USB_DEVICE/Target/usbd_conf.o
                0x0800a394                HAL_PCD_SuspendCallback
 .text.HAL_PCD_ResumeCallback
                0x0800a3c8       0x1c ./USB_DEVICE/Target/usbd_conf.o
                0x0800a3c8                HAL_PCD_ResumeCallback
 .text.USBD_LL_Init
                0x0800a3e4       0xb4 ./USB_DEVICE/Target/usbd_conf.o
                0x0800a3e4                USBD_LL_Init
 .text.USBD_LL_Start
                0x0800a498       0x36 ./USB_DEVICE/Target/usbd_conf.o
                0x0800a498                USBD_LL_Start
 .text.USBD_LL_OpenEP
                0x0800a4ce       0x4c ./USB_DEVICE/Target/usbd_conf.o
                0x0800a4ce                USBD_LL_OpenEP
 .text.USBD_LL_CloseEP
                0x0800a51a       0x3e ./USB_DEVICE/Target/usbd_conf.o
                0x0800a51a                USBD_LL_CloseEP
 .text.USBD_LL_StallEP
                0x0800a558       0x3e ./USB_DEVICE/Target/usbd_conf.o
                0x0800a558                USBD_LL_StallEP
 .text.USBD_LL_ClearStallEP
                0x0800a596       0x3e ./USB_DEVICE/Target/usbd_conf.o
                0x0800a596                USBD_LL_ClearStallEP
 .text.USBD_LL_IsStallEP
                0x0800a5d4       0x56 ./USB_DEVICE/Target/usbd_conf.o
                0x0800a5d4                USBD_LL_IsStallEP
 .text.USBD_LL_SetUSBAddress
                0x0800a62a       0x3e ./USB_DEVICE/Target/usbd_conf.o
                0x0800a62a                USBD_LL_SetUSBAddress
 .text.USBD_LL_Transmit
                0x0800a668       0x46 ./USB_DEVICE/Target/usbd_conf.o
                0x0800a668                USBD_LL_Transmit
 .text.USBD_LL_PrepareReceive
                0x0800a6ae       0x46 ./USB_DEVICE/Target/usbd_conf.o
                0x0800a6ae                USBD_LL_PrepareReceive
 .text.USBD_LL_GetRxDataSize
                0x0800a6f4       0x26 ./USB_DEVICE/Target/usbd_conf.o
                0x0800a6f4                USBD_LL_GetRxDataSize
 *fill*         0x0800a71a        0x2 
 .text.USBD_static_malloc
                0x0800a71c       0x18 ./USB_DEVICE/Target/usbd_conf.o
                0x0800a71c                USBD_static_malloc
 .text.USBD_static_free
                0x0800a734       0x12 ./USB_DEVICE/Target/usbd_conf.o
                0x0800a734                USBD_static_free
 .text.HAL_PCDEx_SetConnectionState
                0x0800a746       0x16 ./USB_DEVICE/Target/usbd_conf.o
                0x0800a746                HAL_PCDEx_SetConnectionState
 .text.USBD_Get_USB_Status
                0x0800a75c       0x58 ./USB_DEVICE/Target/usbd_conf.o
 .text.memset   0x0800a7b4       0x10 C:/ST/STM32CubeIDE_1.16.0/STM32CubeIDE/plugins/com.st.stm32cube.ide.mcu.externaltools.gnu-tools-for-stm32.12.3.rel1.win32_1.0.200.202406191623/tools/bin/../lib/gcc/arm-none-eabi/12.3.1/../../../../arm-none-eabi/lib/thumb/v7-m/nofp\libc_nano.a(libc_a-memset.o)
                0x0800a7b4                memset
 .text.__libc_init_array
                0x0800a7c4       0x48 C:/ST/STM32CubeIDE_1.16.0/STM32CubeIDE/plugins/com.st.stm32cube.ide.mcu.externaltools.gnu-tools-for-stm32.12.3.rel1.win32_1.0.200.202406191623/tools/bin/../lib/gcc/arm-none-eabi/12.3.1/../../../../arm-none-eabi/lib/thumb/v7-m/nofp\libc_nano.a(libc_a-init.o)
                0x0800a7c4                __libc_init_array
 *(.glue_7)
 .glue_7        0x0800a80c        0x0 linker stubs
 *(.glue_7t)
 .glue_7t       0x0800a80c        0x0 linker stubs
 *(.eh_frame)
 .eh_frame      0x0800a80c        0x0 C:/ST/STM32CubeIDE_1.16.0/STM32CubeIDE/plugins/com.st.stm32cube.ide.mcu.externaltools.gnu-tools-for-stm32.12.3.rel1.win32_1.0.200.202406191623/tools/bin/../lib/gcc/arm-none-eabi/12.3.1/thumb/v7-m/nofp/crtbegin.o
 *(.init)
 .init          0x0800a80c        0x4 C:/ST/STM32CubeIDE_1.16.0/STM32CubeIDE/plugins/com.st.stm32cube.ide.mcu.externaltools.gnu-tools-for-stm32.12.3.rel1.win32_1.0.200.202406191623/tools/bin/../lib/gcc/arm-none-eabi/12.3.1/thumb/v7-m/nofp/crti.o
                0x0800a80c                _init
 .init          0x0800a810        0x8 C:/ST/STM32CubeIDE_1.16.0/STM32CubeIDE/plugins/com.st.stm32cube.ide.mcu.externaltools.gnu-tools-for-stm32.12.3.rel1.win32_1.0.200.202406191623/tools/bin/../lib/gcc/arm-none-eabi/12.3.1/thumb/v7-m/nofp/crtn.o
 *(.fini)
 .fini          0x0800a818        0x4 C:/ST/STM32CubeIDE_1.16.0/STM32CubeIDE/plugins/com.st.stm32cube.ide.mcu.externaltools.gnu-tools-for-stm32.12.3.rel1.win32_1.0.200.202406191623/tools/bin/../lib/gcc/arm-none-eabi/12.3.1/thumb/v7-m/nofp/crti.o
                0x0800a818                _fini
 .fini          0x0800a81c        0x8 C:/ST/STM32CubeIDE_1.16.0/STM32CubeIDE/plugins/com.st.stm32cube.ide.mcu.externaltools.gnu-tools-for-stm32.12.3.rel1.win32_1.0.200.202406191623/tools/bin/../lib/gcc/arm-none-eabi/12.3.1/thumb/v7-m/nofp/crtn.o
                0x0800a824                        . = ALIGN (0x4)
                0x0800a824                        _etext = .

.vfp11_veneer   0x0800a824        0x0
 .vfp11_veneer  0x0800a824        0x0 linker stubs

.v4_bx          0x0800a824        0x0
 .v4_bx         0x0800a824        0x0 linker stubs

.iplt           0x0800a824        0x0
 .iplt          0x0800a824        0x0 C:/ST/STM32CubeIDE_1.16.0/STM32CubeIDE/plugins/com.st.stm32cube.ide.mcu.externaltools.gnu-tools-for-stm32.12.3.rel1.win32_1.0.200.202406191623/tools/bin/../lib/gcc/arm-none-eabi/12.3.1/thumb/v7-m/nofp/crtbegin.o

.rodata         0x0800a824       0x78
                0x0800a824                        . = ALIGN (0x4)
 *(.rodata)
 .rodata        0x0800a824        0xc ./Core/Src/main.o
 .rodata        0x0800a830       0x46 ./USB_DEVICE/App/usbd_desc.o
 *(.rodata*)
 *fill*         0x0800a876        0x2 
 .rodata.AHBPrescTable
                0x0800a878       0x10 ./Core/Src/system_stm32f1xx.o
                0x0800a878                AHBPrescTable
 .rodata.aPLLMULFactorTable.1
                0x0800a888       0x10 ./Drivers/STM32F1xx_HAL_Driver/Src/stm32f1xx_hal_rcc.o
 .rodata.aPredivFactorTable.0
                0x0800a898        0x2 ./Drivers/STM32F1xx_HAL_Driver/Src/stm32f1xx_hal_rcc.o
                0x0800a89c                        . = ALIGN (0x4)
 *fill*         0x0800a89a        0x2 

.ARM.extab      0x0800a89c        0x0
                0x0800a89c                        . = ALIGN (0x4)
 *(.ARM.extab* .gnu.linkonce.armextab.*)
                0x0800a89c                        . = ALIGN (0x4)

.ARM            0x0800a89c        0x0
                0x0800a89c                        . = ALIGN (0x4)
                0x0800a89c                        __exidx_start = .
 *(.ARM.exidx*)
                0x0800a89c                        __exidx_end = .
                0x0800a89c                        . = ALIGN (0x4)

.preinit_array  0x0800a89c        0x0
                0x0800a89c                        . = ALIGN (0x4)
                0x0800a89c                        PROVIDE (__preinit_array_start = .)
 *(.preinit_array*)
                0x0800a89c                        PROVIDE (__preinit_array_end = .)
                0x0800a89c                        . = ALIGN (0x4)

.init_array     0x0800a89c        0x4
                0x0800a89c                        . = ALIGN (0x4)
                0x0800a89c                        PROVIDE (__init_array_start = .)
 *(SORT_BY_NAME(.init_array.*))
 *(.init_array*)
 .init_array    0x0800a89c        0x4 C:/ST/STM32CubeIDE_1.16.0/STM32CubeIDE/plugins/com.st.stm32cube.ide.mcu.externaltools.gnu-tools-for-stm32.12.3.rel1.win32_1.0.200.202406191623/tools/bin/../lib/gcc/arm-none-eabi/12.3.1/thumb/v7-m/nofp/crtbegin.o
                0x0800a8a0                        PROVIDE (__init_array_end = .)
                0x0800a8a0                        . = ALIGN (0x4)

.fini_array     0x0800a8a0        0x4
                0x0800a8a0                        . = ALIGN (0x4)
                [!provide]                        PROVIDE (__fini_array_start = .)
 *(SORT_BY_NAME(.fini_array.*))
 *(.fini_array*)
 .fini_array    0x0800a8a0        0x4 C:/ST/STM32CubeIDE_1.16.0/STM32CubeIDE/plugins/com.st.stm32cube.ide.mcu.externaltools.gnu-tools-for-stm32.12.3.rel1.win32_1.0.200.202406191623/tools/bin/../lib/gcc/arm-none-eabi/12.3.1/thumb/v7-m/nofp/crtbegin.o
                [!provide]                        PROVIDE (__fini_array_end = .)
                0x0800a8a4                        . = ALIGN (0x4)
                0x0800a8a4                        _sidata = LOADADDR (.data)

.rel.dyn        0x0800a8a4        0x0
 .rel.iplt      0x0800a8a4        0x0 C:/ST/STM32CubeIDE_1.16.0/STM32CubeIDE/plugins/com.st.stm32cube.ide.mcu.externaltools.gnu-tools-for-stm32.12.3.rel1.win32_1.0.200.202406191623/tools/bin/../lib/gcc/arm-none-eabi/12.3.1/thumb/v7-m/nofp/crtbegin.o

.data           0x20000000      0x1f8 load address 0x0800a8a4
                0x20000000                        . = ALIGN (0x4)
                0x20000000                        _sdata = .
 *(.data)
 *(.data*)
 .data.G        0x20000000       0x24 ./Core/Src/main.o
                0x20000000                G
 .data.x_hat    0x20000024        0xc ./Core/Src/main.o
                0x20000024                x_hat
 .data.Cminus   0x20000030       0x18 ./Core/Src/main.o
                0x20000030                Cminus
 .data.Kkalman  0x20000048       0x18 ./Core/Src/main.o
                0x20000048                Kkalman
 .data.H_fixed  0x20000060        0xc ./Core/Src/main.o
                0x20000060                H_fixed
 .data.y        0x2000006c        0x8 ./Core/Src/main.o
                0x2000006c                y
 .data.h_prom   0x20000074        0x4 ./Core/Src/main.o
                0x20000074                h_prom
 .data.u_float  0x20000078        0x4 ./Core/Src/main.o
                0x20000078                u_float
 .data.SystemCoreClock
                0x2000007c        0x4 ./Core/Src/system_stm32f1xx.o
                0x2000007c                SystemCoreClock
 .data.uwTickPrio
                0x20000080        0x4 ./Drivers/STM32F1xx_HAL_Driver/Src/stm32f1xx_hal.o
                0x20000080                uwTickPrio
 .data.uwTickFreq
                0x20000084        0x1 ./Drivers/STM32F1xx_HAL_Driver/Src/stm32f1xx_hal.o
                0x20000084                uwTickFreq
 *fill*         0x20000085        0x3 
 .data.USBD_CDC_DeviceQualifierDesc
                0x20000088        0xa ./Middlewares/ST/STM32_USB_Device_Library/Class/CDC/Src/usbd_cdc.o
 *fill*         0x20000092        0x2 
 .data.USBD_CDC
                0x20000094       0x38 ./Middlewares/ST/STM32_USB_Device_Library/Class/CDC/Src/usbd_cdc.o
                0x20000094                USBD_CDC
 .data.USBD_CDC_CfgHSDesc
                0x200000cc       0x43 ./Middlewares/ST/STM32_USB_Device_Library/Class/CDC/Src/usbd_cdc.o
                0x200000cc                USBD_CDC_CfgHSDesc
 *fill*         0x2000010f        0x1 
 .data.USBD_CDC_CfgFSDesc
                0x20000110       0x43 ./Middlewares/ST/STM32_USB_Device_Library/Class/CDC/Src/usbd_cdc.o
                0x20000110                USBD_CDC_CfgFSDesc
 *fill*         0x20000153        0x1 
 .data.USBD_CDC_OtherSpeedCfgDesc
                0x20000154       0x43 ./Middlewares/ST/STM32_USB_Device_Library/Class/CDC/Src/usbd_cdc.o
                0x20000154                USBD_CDC_OtherSpeedCfgDesc
 *fill*         0x20000197        0x1 
 .data.USBD_Interface_fops_FS
                0x20000198       0x10 ./USB_DEVICE/App/usbd_cdc_if.o
                0x20000198                USBD_Interface_fops_FS
 .data.FS_Desc  0x200001a8       0x1c ./USB_DEVICE/App/usbd_desc.o
                0x200001a8                FS_Desc
 .data.USBD_FS_DeviceDesc
                0x200001c4       0x12 ./USB_DEVICE/App/usbd_desc.o
                0x200001c4                USBD_FS_DeviceDesc
 *fill*         0x200001d6        0x2 
 .data.USBD_LangIDDesc
                0x200001d8        0x4 ./USB_DEVICE/App/usbd_desc.o
                0x200001d8                USBD_LangIDDesc
 .data.USBD_StringSerial
                0x200001dc       0x1a ./USB_DEVICE/App/usbd_desc.o
                0x200001dc                USBD_StringSerial
 *(.RamFunc)
 *(.RamFunc*)
                0x200001f8                        . = ALIGN (0x4)
 *fill*         0x200001f6        0x2 
                0x200001f8                        _edata = .

.igot.plt       0x200001f8        0x0 load address 0x0800aa9c
 .igot.plt      0x200001f8        0x0 C:/ST/STM32CubeIDE_1.16.0/STM32CubeIDE/plugins/com.st.stm32cube.ide.mcu.externaltools.gnu-tools-for-stm32.12.3.rel1.win32_1.0.200.202406191623/tools/bin/../lib/gcc/arm-none-eabi/12.3.1/thumb/v7-m/nofp/crtbegin.o
                0x200001f8                        . = ALIGN (0x4)

.bss            0x200001f8     0x131c load address 0x0800aa9c
                0x200001f8                        _sbss = .
                0x200001f8                        __bss_start__ = _sbss
 *(.bss)
 .bss           0x200001f8       0x1c C:/ST/STM32CubeIDE_1.16.0/STM32CubeIDE/plugins/com.st.stm32cube.ide.mcu.externaltools.gnu-tools-for-stm32.12.3.rel1.win32_1.0.200.202406191623/tools/bin/../lib/gcc/arm-none-eabi/12.3.1/thumb/v7-m/nofp/crtbegin.o
 *(.bss*)
 .bss.hadc1     0x20000214       0x30 ./Core/Src/main.o
                0x20000214                hadc1
 .bss.htim1     0x20000244       0x48 ./Core/Src/main.o
                0x20000244                htim1
 .bss.htim2     0x2000028c       0x48 ./Core/Src/main.o
                0x2000028c                htim2
 .bss.htim3     0x200002d4       0x48 ./Core/Src/main.o
                0x200002d4                htim3
 .bss.y_hat_negative
                0x2000031c        0x8 ./Core/Src/main.o
                0x2000031c                y_hat_negative
 .bss.z_hat     0x20000324        0x8 ./Core/Src/main.o
                0x20000324                z_hat
 .bss.lz        0x2000032c        0xc ./Core/Src/main.o
                0x2000032c                lz
 .bss.x_hat_result
                0x20000338        0xc ./Core/Src/main.o
                0x20000338                x_hat_result
 .bss.i         0x20000344        0x4 ./Core/Src/main.o
                0x20000344                i
 .bss.h         0x20000348        0x4 ./Core/Src/main.o
                0x20000348                h
 .bss.h_hat     0x2000034c        0x4 ./Core/Src/main.o
                0x2000034c                h_hat
 .bss.uwTick    0x20000350        0x4 ./Drivers/STM32F1xx_HAL_Driver/Src/stm32f1xx_hal.o
                0x20000350                uwTick
 .bss.cfgidx.0  0x20000354        0x1 ./Middlewares/ST/STM32_USB_Device_Library/Core/Src/usbd_ctlreq.o
 *fill*         0x20000355        0x3 
 .bss.hUsbDeviceFS
                0x20000358      0x2c4 ./USB_DEVICE/App/usb_device.o
                0x20000358                hUsbDeviceFS
 .bss.UserRxBufferFS
                0x2000061c      0x400 ./USB_DEVICE/App/usbd_cdc_if.o
                0x2000061c                UserRxBufferFS
 .bss.UserTxBufferFS
                0x20000a1c      0x400 ./USB_DEVICE/App/usbd_cdc_if.o
                0x20000a1c                UserTxBufferFS
 .bss.USBD_StrDesc
                0x20000e1c      0x200 ./USB_DEVICE/App/usbd_desc.o
                0x20000e1c                USBD_StrDesc
 .bss.hpcd_USB_FS
                0x2000101c      0x2d8 ./USB_DEVICE/Target/usbd_conf.o
                0x2000101c                hpcd_USB_FS
 .bss.mem.0     0x200012f4      0x220 ./USB_DEVICE/Target/usbd_conf.o
 *(COMMON)
                0x20001514                        . = ALIGN (0x4)
                0x20001514                        _ebss = .
                0x20001514                        __bss_end__ = _ebss

._user_heap_stack
                0x20001514      0x604 load address 0x0800aa9c
                0x20001518                        . = ALIGN (0x8)
 *fill*         0x20001514        0x4 
                [!provide]                        PROVIDE (end = .)
                0x20001518                        PROVIDE (_end = .)
                0x20001718                        . = (. + _Min_Heap_Size)
 *fill*         0x20001518      0x200 
                0x20001b18                        . = (. + _Min_Stack_Size)
 *fill*         0x20001718      0x400 
                0x20001b18                        . = ALIGN (0x8)

/DISCARD/
 libc.a(*)
 libm.a(*)
 libgcc.a(*)

.ARM.attributes
                0x00000000       0x29
 *(.ARM.attributes)
 .ARM.attributes
                0x00000000       0x1d C:/ST/STM32CubeIDE_1.16.0/STM32CubeIDE/plugins/com.st.stm32cube.ide.mcu.externaltools.gnu-tools-for-stm32.12.3.rel1.win32_1.0.200.202406191623/tools/bin/../lib/gcc/arm-none-eabi/12.3.1/thumb/v7-m/nofp/crti.o
 .ARM.attributes
                0x0000001d       0x2d C:/ST/STM32CubeIDE_1.16.0/STM32CubeIDE/plugins/com.st.stm32cube.ide.mcu.externaltools.gnu-tools-for-stm32.12.3.rel1.win32_1.0.200.202406191623/tools/bin/../lib/gcc/arm-none-eabi/12.3.1/thumb/v7-m/nofp/crtbegin.o
 .ARM.attributes
                0x0000004a       0x2d ./Core/Src/main.o
 .ARM.attributes
                0x00000077       0x2d ./Core/Src/stm32f1xx_hal_msp.o
 .ARM.attributes
                0x000000a4       0x2d ./Core/Src/stm32f1xx_it.o
 .ARM.attributes
                0x000000d1       0x2d ./Core/Src/system_stm32f1xx.o
 .ARM.attributes
                0x000000fe       0x21 ./Core/Startup/startup_stm32f103c8tx.o
 .ARM.attributes
                0x0000011f       0x2d ./Drivers/STM32F1xx_HAL_Driver/Src/stm32f1xx_hal.o
 .ARM.attributes
                0x0000014c       0x2d ./Drivers/STM32F1xx_HAL_Driver/Src/stm32f1xx_hal_adc.o
 .ARM.attributes
                0x00000179       0x2d ./Drivers/STM32F1xx_HAL_Driver/Src/stm32f1xx_hal_adc_ex.o
 .ARM.attributes
                0x000001a6       0x2d ./Drivers/STM32F1xx_HAL_Driver/Src/stm32f1xx_hal_cortex.o
 .ARM.attributes
                0x000001d3       0x2d ./Drivers/STM32F1xx_HAL_Driver/Src/stm32f1xx_hal_gpio.o
 .ARM.attributes
                0x00000200       0x2d ./Drivers/STM32F1xx_HAL_Driver/Src/stm32f1xx_hal_pcd.o
 .ARM.attributes
                0x0000022d       0x2d ./Drivers/STM32F1xx_HAL_Driver/Src/stm32f1xx_hal_pcd_ex.o
 .ARM.attributes
                0x0000025a       0x2d ./Drivers/STM32F1xx_HAL_Driver/Src/stm32f1xx_hal_rcc.o
 .ARM.attributes
                0x00000287       0x2d ./Drivers/STM32F1xx_HAL_Driver/Src/stm32f1xx_hal_rcc_ex.o
 .ARM.attributes
                0x000002b4       0x2d ./Drivers/STM32F1xx_HAL_Driver/Src/stm32f1xx_hal_tim.o
 .ARM.attributes
                0x000002e1       0x2d ./Drivers/STM32F1xx_HAL_Driver/Src/stm32f1xx_hal_tim_ex.o
 .ARM.attributes
                0x0000030e       0x2d ./Drivers/STM32F1xx_HAL_Driver/Src/stm32f1xx_ll_usb.o
 .ARM.attributes
                0x0000033b       0x2d ./Middlewares/ST/STM32_USB_Device_Library/Class/CDC/Src/usbd_cdc.o
 .ARM.attributes
                0x00000368       0x2d ./Middlewares/ST/STM32_USB_Device_Library/Core/Src/usbd_core.o
 .ARM.attributes
                0x00000395       0x2d ./Middlewares/ST/STM32_USB_Device_Library/Core/Src/usbd_ctlreq.o
 .ARM.attributes
                0x000003c2       0x2d ./Middlewares/ST/STM32_USB_Device_Library/Core/Src/usbd_ioreq.o
 .ARM.attributes
                0x000003ef       0x2d ./USB_DEVICE/App/usb_device.o
 .ARM.attributes
                0x0000041c       0x2d ./USB_DEVICE/App/usbd_cdc_if.o
 .ARM.attributes
                0x00000449       0x2d ./USB_DEVICE/App/usbd_desc.o
 .ARM.attributes
                0x00000476       0x2d ./USB_DEVICE/Target/usbd_conf.o
 .ARM.attributes
                0x000004a3       0x2d C:/ST/STM32CubeIDE_1.16.0/STM32CubeIDE/plugins/com.st.stm32cube.ide.mcu.externaltools.gnu-tools-for-stm32.12.3.rel1.win32_1.0.200.202406191623/tools/bin/../lib/gcc/arm-none-eabi/12.3.1/../../../../arm-none-eabi/lib/thumb/v7-m/nofp\libc_nano.a(libc_a-memset.o)
 .ARM.attributes
                0x000004d0       0x2d C:/ST/STM32CubeIDE_1.16.0/STM32CubeIDE/plugins/com.st.stm32cube.ide.mcu.externaltools.gnu-tools-for-stm32.12.3.rel1.win32_1.0.200.202406191623/tools/bin/../lib/gcc/arm-none-eabi/12.3.1/../../../../arm-none-eabi/lib/thumb/v7-m/nofp\libc_nano.a(libc_a-init.o)
 .ARM.attributes
                0x000004fd       0x1d C:/ST/STM32CubeIDE_1.16.0/STM32CubeIDE/plugins/com.st.stm32cube.ide.mcu.externaltools.gnu-tools-for-stm32.12.3.rel1.win32_1.0.200.202406191623/tools/bin/../lib/gcc/arm-none-eabi/12.3.1/thumb/v7-m/nofp\libgcc.a(_arm_muldf3.o)
 .ARM.attributes
                0x0000051a       0x1d C:/ST/STM32CubeIDE_1.16.0/STM32CubeIDE/plugins/com.st.stm32cube.ide.mcu.externaltools.gnu-tools-for-stm32.12.3.rel1.win32_1.0.200.202406191623/tools/bin/../lib/gcc/arm-none-eabi/12.3.1/thumb/v7-m/nofp\libgcc.a(_arm_addsubdf3.o)
 .ARM.attributes
                0x00000537       0x1d C:/ST/STM32CubeIDE_1.16.0/STM32CubeIDE/plugins/com.st.stm32cube.ide.mcu.externaltools.gnu-tools-for-stm32.12.3.rel1.win32_1.0.200.202406191623/tools/bin/../lib/gcc/arm-none-eabi/12.3.1/thumb/v7-m/nofp\libgcc.a(_arm_truncdfsf2.o)
 .ARM.attributes
                0x00000554       0x1d C:/ST/STM32CubeIDE_1.16.0/STM32CubeIDE/plugins/com.st.stm32cube.ide.mcu.externaltools.gnu-tools-for-stm32.12.3.rel1.win32_1.0.200.202406191623/tools/bin/../lib/gcc/arm-none-eabi/12.3.1/thumb/v7-m/nofp\libgcc.a(_arm_addsubsf3.o)
 .ARM.attributes
                0x00000571       0x1d C:/ST/STM32CubeIDE_1.16.0/STM32CubeIDE/plugins/com.st.stm32cube.ide.mcu.externaltools.gnu-tools-for-stm32.12.3.rel1.win32_1.0.200.202406191623/tools/bin/../lib/gcc/arm-none-eabi/12.3.1/thumb/v7-m/nofp\libgcc.a(_arm_muldivsf3.o)
 .ARM.attributes
                0x0000058e       0x1d C:/ST/STM32CubeIDE_1.16.0/STM32CubeIDE/plugins/com.st.stm32cube.ide.mcu.externaltools.gnu-tools-for-stm32.12.3.rel1.win32_1.0.200.202406191623/tools/bin/../lib/gcc/arm-none-eabi/12.3.1/thumb/v7-m/nofp\libgcc.a(_arm_cmpsf2.o)
 .ARM.attributes
                0x000005ab       0x1d C:/ST/STM32CubeIDE_1.16.0/STM32CubeIDE/plugins/com.st.stm32cube.ide.mcu.externaltools.gnu-tools-for-stm32.12.3.rel1.win32_1.0.200.202406191623/tools/bin/../lib/gcc/arm-none-eabi/12.3.1/thumb/v7-m/nofp\libgcc.a(_arm_fixsfsi.o)
 .ARM.attributes
                0x000005c8       0x1d C:/ST/STM32CubeIDE_1.16.0/STM32CubeIDE/plugins/com.st.stm32cube.ide.mcu.externaltools.gnu-tools-for-stm32.12.3.rel1.win32_1.0.200.202406191623/tools/bin/../lib/gcc/arm-none-eabi/12.3.1/thumb/v7-m/nofp\libgcc.a(_arm_fixunssfsi.o)
 .ARM.attributes
                0x000005e5       0x1d C:/ST/STM32CubeIDE_1.16.0/STM32CubeIDE/plugins/com.st.stm32cube.ide.mcu.externaltools.gnu-tools-for-stm32.12.3.rel1.win32_1.0.200.202406191623/tools/bin/../lib/gcc/arm-none-eabi/12.3.1/thumb/v7-m/nofp/crtn.o
OUTPUT(Levitador_revancha.elf elf32-littlearm)
LOAD linker stubs
LOAD C:/ST/STM32CubeIDE_1.16.0/STM32CubeIDE/plugins/com.st.stm32cube.ide.mcu.externaltools.gnu-tools-for-stm32.12.3.rel1.win32_1.0.200.202406191623/tools/bin/../lib/gcc/arm-none-eabi/12.3.1/../../../../arm-none-eabi/lib/thumb/v7-m/nofp\libc.a
LOAD C:/ST/STM32CubeIDE_1.16.0/STM32CubeIDE/plugins/com.st.stm32cube.ide.mcu.externaltools.gnu-tools-for-stm32.12.3.rel1.win32_1.0.200.202406191623/tools/bin/../lib/gcc/arm-none-eabi/12.3.1/../../../../arm-none-eabi/lib/thumb/v7-m/nofp\libm.a
LOAD C:/ST/STM32CubeIDE_1.16.0/STM32CubeIDE/plugins/com.st.stm32cube.ide.mcu.externaltools.gnu-tools-for-stm32.12.3.rel1.win32_1.0.200.202406191623/tools/bin/../lib/gcc/arm-none-eabi/12.3.1/thumb/v7-m/nofp\libgcc.a

.debug_info     0x00000000    0x136be
 .debug_info    0x00000000     0x16cd ./Core/Src/main.o
 .debug_info    0x000016cd      0xe47 ./Core/Src/stm32f1xx_hal_msp.o
 .debug_info    0x00002514      0xdc4 ./Core/Src/stm32f1xx_it.o
 .debug_info    0x000032d8      0x222 ./Core/Src/system_stm32f1xx.o
 .debug_info    0x000034fa       0x30 ./Core/Startup/startup_stm32f103c8tx.o
 .debug_info    0x0000352a      0x704 ./Drivers/STM32F1xx_HAL_Driver/Src/stm32f1xx_hal.o
 .debug_info    0x00003c2e      0xc50 ./Drivers/STM32F1xx_HAL_Driver/Src/stm32f1xx_hal_adc.o
 .debug_info    0x0000487e      0xa10 ./Drivers/STM32F1xx_HAL_Driver/Src/stm32f1xx_hal_adc_ex.o
 .debug_info    0x0000528e      0xa87 ./Drivers/STM32F1xx_HAL_Driver/Src/stm32f1xx_hal_cortex.o
 .debug_info    0x00005d15      0x5ab ./Drivers/STM32F1xx_HAL_Driver/Src/stm32f1xx_hal_gpio.o
 .debug_info    0x000062c0     0x16dc ./Drivers/STM32F1xx_HAL_Driver/Src/stm32f1xx_hal_pcd.o
 .debug_info    0x0000799c      0x6c3 ./Drivers/STM32F1xx_HAL_Driver/Src/stm32f1xx_hal_pcd_ex.o
 .debug_info    0x0000805f      0x7d5 ./Drivers/STM32F1xx_HAL_Driver/Src/stm32f1xx_hal_rcc.o
 .debug_info    0x00008834      0x3c0 ./Drivers/STM32F1xx_HAL_Driver/Src/stm32f1xx_hal_rcc_ex.o
 .debug_info    0x00008bf4     0x2959 ./Drivers/STM32F1xx_HAL_Driver/Src/stm32f1xx_hal_tim.o
 .debug_info    0x0000b54d     0x149b ./Drivers/STM32F1xx_HAL_Driver/Src/stm32f1xx_hal_tim_ex.o
 .debug_info    0x0000c9e8     0x17ae ./Drivers/STM32F1xx_HAL_Driver/Src/stm32f1xx_ll_usb.o
 .debug_info    0x0000e196     0x1043 ./Middlewares/ST/STM32_USB_Device_Library/Class/CDC/Src/usbd_cdc.o
 .debug_info    0x0000f1d9      0xa52 ./Middlewares/ST/STM32_USB_Device_Library/Core/Src/usbd_core.o
 .debug_info    0x0000fc2b      0x91c ./Middlewares/ST/STM32_USB_Device_Library/Core/Src/usbd_ctlreq.o
 .debug_info    0x00010547      0x6a0 ./Middlewares/ST/STM32_USB_Device_Library/Core/Src/usbd_ioreq.o
 .debug_info    0x00010be7      0x63d ./USB_DEVICE/App/usb_device.o
 .debug_info    0x00011224      0x7ec ./USB_DEVICE/App/usbd_cdc_if.o
 .debug_info    0x00011a10      0x44a ./USB_DEVICE/App/usbd_desc.o
 .debug_info    0x00011e5a     0x1864 ./USB_DEVICE/Target/usbd_conf.o

.debug_abbrev   0x00000000     0x359d
 .debug_abbrev  0x00000000      0x36d ./Core/Src/main.o
 .debug_abbrev  0x0000036d      0x24c ./Core/Src/stm32f1xx_hal_msp.o
 .debug_abbrev  0x000005b9      0x1c6 ./Core/Src/stm32f1xx_it.o
 .debug_abbrev  0x0000077f      0x13f ./Core/Src/system_stm32f1xx.o
 .debug_abbrev  0x000008be       0x24 ./Core/Startup/startup_stm32f103c8tx.o
 .debug_abbrev  0x000008e2      0x201 ./Drivers/STM32F1xx_HAL_Driver/Src/stm32f1xx_hal.o
 .debug_abbrev  0x00000ae3      0x225 ./Drivers/STM32F1xx_HAL_Driver/Src/stm32f1xx_hal_adc.o
 .debug_abbrev  0x00000d08      0x249 ./Drivers/STM32F1xx_HAL_Driver/Src/stm32f1xx_hal_adc_ex.o
 .debug_abbrev  0x00000f51      0x2f8 ./Drivers/STM32F1xx_HAL_Driver/Src/stm32f1xx_hal_cortex.o
 .debug_abbrev  0x00001249      0x1ca ./Drivers/STM32F1xx_HAL_Driver/Src/stm32f1xx_hal_gpio.o
 .debug_abbrev  0x00001413      0x2d6 ./Drivers/STM32F1xx_HAL_Driver/Src/stm32f1xx_hal_pcd.o
 .debug_abbrev  0x000016e9      0x189 ./Drivers/STM32F1xx_HAL_Driver/Src/stm32f1xx_hal_pcd_ex.o
 .debug_abbrev  0x00001872      0x2b3 ./Drivers/STM32F1xx_HAL_Driver/Src/stm32f1xx_hal_rcc.o
 .debug_abbrev  0x00001b25      0x188 ./Drivers/STM32F1xx_HAL_Driver/Src/stm32f1xx_hal_rcc_ex.o
 .debug_abbrev  0x00001cad      0x277 ./Drivers/STM32F1xx_HAL_Driver/Src/stm32f1xx_hal_tim.o
 .debug_abbrev  0x00001f24      0x282 ./Drivers/STM32F1xx_HAL_Driver/Src/stm32f1xx_hal_tim_ex.o
 .debug_abbrev  0x000021a6      0x1de ./Drivers/STM32F1xx_HAL_Driver/Src/stm32f1xx_ll_usb.o
 .debug_abbrev  0x00002384      0x2d3 ./Middlewares/ST/STM32_USB_Device_Library/Class/CDC/Src/usbd_cdc.o
 .debug_abbrev  0x00002657      0x24a ./Middlewares/ST/STM32_USB_Device_Library/Core/Src/usbd_core.o
 .debug_abbrev  0x000028a1      0x26b ./Middlewares/ST/STM32_USB_Device_Library/Core/Src/usbd_ctlreq.o
 .debug_abbrev  0x00002b0c      0x192 ./Middlewares/ST/STM32_USB_Device_Library/Core/Src/usbd_ioreq.o
 .debug_abbrev  0x00002c9e      0x18d ./USB_DEVICE/App/usb_device.o
 .debug_abbrev  0x00002e2b      0x25d ./USB_DEVICE/App/usbd_cdc_if.o
 .debug_abbrev  0x00003088      0x1ff ./USB_DEVICE/App/usbd_desc.o
 .debug_abbrev  0x00003287      0x316 ./USB_DEVICE/Target/usbd_conf.o

.debug_aranges  0x00000000     0x11c0
 .debug_aranges
                0x00000000       0x98 ./Core/Src/main.o
 .debug_aranges
                0x00000098       0x58 ./Core/Src/stm32f1xx_hal_msp.o
 .debug_aranges
                0x000000f0       0x78 ./Core/Src/stm32f1xx_it.o
 .debug_aranges
                0x00000168       0x28 ./Core/Src/system_stm32f1xx.o
 .debug_aranges
                0x00000190       0x28 ./Core/Startup/startup_stm32f103c8tx.o
 .debug_aranges
                0x000001b8       0xe0 ./Drivers/STM32F1xx_HAL_Driver/Src/stm32f1xx_hal.o
 .debug_aranges
                0x00000298       0xf0 ./Drivers/STM32F1xx_HAL_Driver/Src/stm32f1xx_hal_adc.o
 .debug_aranges
                0x00000388       0x80 ./Drivers/STM32F1xx_HAL_Driver/Src/stm32f1xx_hal_adc_ex.o
 .debug_aranges
                0x00000408      0x100 ./Drivers/STM32F1xx_HAL_Driver/Src/stm32f1xx_hal_cortex.o
 .debug_aranges
                0x00000508       0x58 ./Drivers/STM32F1xx_HAL_Driver/Src/stm32f1xx_hal_gpio.o
 .debug_aranges
                0x00000560      0x140 ./Drivers/STM32F1xx_HAL_Driver/Src/stm32f1xx_hal_pcd.o
 .debug_aranges
                0x000006a0       0x38 ./Drivers/STM32F1xx_HAL_Driver/Src/stm32f1xx_hal_pcd_ex.o
 .debug_aranges
                0x000006d8       0x90 ./Drivers/STM32F1xx_HAL_Driver/Src/stm32f1xx_hal_rcc.o
 .debug_aranges
                0x00000768       0x30 ./Drivers/STM32F1xx_HAL_Driver/Src/stm32f1xx_hal_rcc_ex.o
 .debug_aranges
                0x00000798      0x3d0 ./Drivers/STM32F1xx_HAL_Driver/Src/stm32f1xx_hal_tim.o
 .debug_aranges
                0x00000b68      0x168 ./Drivers/STM32F1xx_HAL_Driver/Src/stm32f1xx_hal_tim_ex.o
 .debug_aranges
                0x00000cd0       0xf8 ./Drivers/STM32F1xx_HAL_Driver/Src/stm32f1xx_ll_usb.o
 .debug_aranges
                0x00000dc8       0x90 ./Middlewares/ST/STM32_USB_Device_Library/Class/CDC/Src/usbd_cdc.o
 .debug_aranges
                0x00000e58       0xb8 ./Middlewares/ST/STM32_USB_Device_Library/Core/Src/usbd_core.o
 .debug_aranges
                0x00000f10       0x88 ./Middlewares/ST/STM32_USB_Device_Library/Core/Src/usbd_ctlreq.o
 .debug_aranges
                0x00000f98       0x50 ./Middlewares/ST/STM32_USB_Device_Library/Core/Src/usbd_ioreq.o
 .debug_aranges
                0x00000fe8       0x20 ./USB_DEVICE/App/usb_device.o
 .debug_aranges
                0x00001008       0x40 ./USB_DEVICE/App/usbd_cdc_if.o
 .debug_aranges
                0x00001048       0x60 ./USB_DEVICE/App/usbd_desc.o
 .debug_aranges
                0x000010a8      0x118 ./USB_DEVICE/Target/usbd_conf.o

.debug_rnglists
                0x00000000      0xd80
 .debug_rnglists
                0x00000000       0x75 ./Core/Src/main.o
 .debug_rnglists
                0x00000075       0x40 ./Core/Src/stm32f1xx_hal_msp.o
 .debug_rnglists
                0x000000b5       0x55 ./Core/Src/stm32f1xx_it.o
 .debug_rnglists
                0x0000010a       0x1a ./Core/Src/system_stm32f1xx.o
 .debug_rnglists
                0x00000124       0x19 ./Core/Startup/startup_stm32f103c8tx.o
 .debug_rnglists
                0x0000013d       0xa3 ./Drivers/STM32F1xx_HAL_Driver/Src/stm32f1xx_hal.o
 .debug_rnglists
                0x000001e0       0xbc ./Drivers/STM32F1xx_HAL_Driver/Src/stm32f1xx_hal_adc.o
 .debug_rnglists
                0x0000029c       0x65 ./Drivers/STM32F1xx_HAL_Driver/Src/stm32f1xx_hal_adc_ex.o
 .debug_rnglists
                0x00000301       0xbb ./Drivers/STM32F1xx_HAL_Driver/Src/stm32f1xx_hal_cortex.o
 .debug_rnglists
                0x000003bc       0x3f ./Drivers/STM32F1xx_HAL_Driver/Src/stm32f1xx_hal_gpio.o
 .debug_rnglists
                0x000003fb       0xf4 ./Drivers/STM32F1xx_HAL_Driver/Src/stm32f1xx_hal_pcd.o
 .debug_rnglists
                0x000004ef       0x26 ./Drivers/STM32F1xx_HAL_Driver/Src/stm32f1xx_hal_pcd_ex.o
 .debug_rnglists
                0x00000515       0x6c ./Drivers/STM32F1xx_HAL_Driver/Src/stm32f1xx_hal_rcc.o
 .debug_rnglists
                0x00000581       0x21 ./Drivers/STM32F1xx_HAL_Driver/Src/stm32f1xx_hal_rcc_ex.o
 .debug_rnglists
                0x000005a2      0x31a ./Drivers/STM32F1xx_HAL_Driver/Src/stm32f1xx_hal_tim.o
 .debug_rnglists
                0x000008bc      0x125 ./Drivers/STM32F1xx_HAL_Driver/Src/stm32f1xx_hal_tim_ex.o
 .debug_rnglists
                0x000009e1       0xbd ./Drivers/STM32F1xx_HAL_Driver/Src/stm32f1xx_ll_usb.o
 .debug_rnglists
                0x00000a9e       0x6a ./Middlewares/ST/STM32_USB_Device_Library/Class/CDC/Src/usbd_cdc.o
 .debug_rnglists
                0x00000b08       0x89 ./Middlewares/ST/STM32_USB_Device_Library/Core/Src/usbd_core.o
 .debug_rnglists
                0x00000b91       0x68 ./Middlewares/ST/STM32_USB_Device_Library/Core/Src/usbd_ctlreq.o
 .debug_rnglists
                0x00000bf9       0x37 ./Middlewares/ST/STM32_USB_Device_Library/Core/Src/usbd_ioreq.o
 .debug_rnglists
                0x00000c30       0x13 ./USB_DEVICE/App/usb_device.o
 .debug_rnglists
                0x00000c43       0x2c ./USB_DEVICE/App/usbd_cdc_if.o
 .debug_rnglists
                0x00000c6f       0x43 ./USB_DEVICE/App/usbd_desc.o
 .debug_rnglists
                0x00000cb2       0xce ./USB_DEVICE/Target/usbd_conf.o

.debug_macro    0x00000000    0x1aa64
 .debug_macro   0x00000000      0x3a1 ./Core/Src/main.o
 .debug_macro   0x000003a1      0xaa8 ./Core/Src/main.o
 .debug_macro   0x00000e49      0x221 ./Core/Src/main.o
 .debug_macro   0x0000106a       0x2e ./Core/Src/main.o
 .debug_macro   0x00001098       0x22 ./Core/Src/main.o
 .debug_macro   0x000010ba       0x22 ./Core/Src/main.o
 .debug_macro   0x000010dc       0x8e ./Core/Src/main.o
 .debug_macro   0x0000116a       0x51 ./Core/Src/main.o
 .debug_macro   0x000011bb      0x103 ./Core/Src/main.o
 .debug_macro   0x000012be       0x6a ./Core/Src/main.o
 .debug_macro   0x00001328      0x1df ./Core/Src/main.o
 .debug_macro   0x00001507       0x1c ./Core/Src/main.o
 .debug_macro   0x00001523       0x22 ./Core/Src/main.o
 .debug_macro   0x00001545       0xbd ./Core/Src/main.o
 .debug_macro   0x00001602      0xd23 ./Core/Src/main.o
 .debug_macro   0x00002325     0xe09e ./Core/Src/main.o
 .debug_macro   0x000103c3       0x6d ./Core/Src/main.o
 .debug_macro   0x00010430     0x34a2 ./Core/Src/main.o
 .debug_macro   0x000138d2      0x189 ./Core/Src/main.o
 .debug_macro   0x00013a5b       0x5c ./Core/Src/main.o
 .debug_macro   0x00013ab7      0x5bc ./Core/Src/main.o
 .debug_macro   0x00014073      0x289 ./Core/Src/main.o
 .debug_macro   0x000142fc      0x1cb ./Core/Src/main.o
 .debug_macro   0x000144c7      0x114 ./Core/Src/main.o
 .debug_macro   0x000145db      0x1b2 ./Core/Src/main.o
 .debug_macro   0x0001478d       0x27 ./Core/Src/main.o
 .debug_macro   0x000147b4      0x136 ./Core/Src/main.o
 .debug_macro   0x000148ea      0x1bc ./Core/Src/main.o
 .debug_macro   0x00014aa6       0x34 ./Core/Src/main.o
 .debug_macro   0x00014ada       0x3c ./Core/Src/main.o
 .debug_macro   0x00014b16       0x57 ./Core/Src/main.o
 .debug_macro   0x00014b6d      0x46a ./Core/Src/main.o
 .debug_macro   0x00014fd7      0x1b5 ./Core/Src/main.o
 .debug_macro   0x0001518c       0x87 ./Core/Src/main.o
 .debug_macro   0x00015213      0x240 ./Core/Src/main.o
 .debug_macro   0x00015453      0x140 ./Core/Src/main.o
 .debug_macro   0x00015593      0x8ed ./Core/Src/main.o
 .debug_macro   0x00015e80       0xb7 ./Core/Src/main.o
 .debug_macro   0x00015f37      0x242 ./Core/Src/main.o
 .debug_macro   0x00016179       0x83 ./Core/Src/main.o
 .debug_macro   0x000161fc       0x61 ./Core/Src/main.o
 .debug_macro   0x0001625d       0x24 ./Core/Src/main.o
 .debug_macro   0x00016281       0x43 ./Core/Src/main.o
 .debug_macro   0x000162c4       0x34 ./Core/Src/main.o
 .debug_macro   0x000162f8       0x16 ./Core/Src/main.o
 .debug_macro   0x0001630e       0x35 ./Core/Src/main.o
 .debug_macro   0x00016343      0x369 ./Core/Src/main.o
 .debug_macro   0x000166ac       0x10 ./Core/Src/main.o
 .debug_macro   0x000166bc       0x16 ./Core/Src/main.o
 .debug_macro   0x000166d2       0x43 ./Core/Src/main.o
 .debug_macro   0x00016715       0x34 ./Core/Src/main.o
 .debug_macro   0x00016749       0x10 ./Core/Src/main.o
 .debug_macro   0x00016759       0x58 ./Core/Src/main.o
 .debug_macro   0x000167b1       0x8e ./Core/Src/main.o
 .debug_macro   0x0001683f       0x1c ./Core/Src/main.o
 .debug_macro   0x0001685b      0x177 ./Core/Src/main.o
 .debug_macro   0x000169d2       0x16 ./Core/Src/main.o
 .debug_macro   0x000169e8       0x16 ./Core/Src/main.o
 .debug_macro   0x000169fe      0x146 ./Core/Src/main.o
 .debug_macro   0x00016b44       0x16 ./Core/Src/main.o
 .debug_macro   0x00016b5a       0x16 ./Core/Src/main.o
 .debug_macro   0x00016b70       0x29 ./Core/Src/main.o
 .debug_macro   0x00016b99       0x16 ./Core/Src/main.o
 .debug_macro   0x00016baf       0x20 ./Core/Src/main.o
 .debug_macro   0x00016bcf       0x5f ./Core/Src/main.o
 .debug_macro   0x00016c2e      0x1c8 ./Core/Src/main.o
 .debug_macro   0x00016df6       0x8f ./Core/Src/main.o
 .debug_macro   0x00016e85       0x10 ./Core/Src/main.o
 .debug_macro   0x00016e95      0x1db ./Core/Src/stm32f1xx_hal_msp.o
 .debug_macro   0x00017070      0x1e5 ./Core/Src/stm32f1xx_it.o
 .debug_macro   0x00017255      0x1d1 ./Core/Src/system_stm32f1xx.o
 .debug_macro   0x00017426      0x1f5 ./Drivers/STM32F1xx_HAL_Driver/Src/stm32f1xx_hal.o
 .debug_macro   0x0001761b      0x1ee ./Drivers/STM32F1xx_HAL_Driver/Src/stm32f1xx_hal_adc.o
 .debug_macro   0x00017809      0x1e3 ./Drivers/STM32F1xx_HAL_Driver/Src/stm32f1xx_hal_adc_ex.o
 .debug_macro   0x000179ec      0x1d1 ./Drivers/STM32F1xx_HAL_Driver/Src/stm32f1xx_hal_cortex.o
 .debug_macro   0x00017bbd      0x23c ./Drivers/STM32F1xx_HAL_Driver/Src/stm32f1xx_hal_gpio.o
 .debug_macro   0x00017df9      0x1dd ./Drivers/STM32F1xx_HAL_Driver/Src/stm32f1xx_hal_pcd.o
 .debug_macro   0x00017fd6      0x1d1 ./Drivers/STM32F1xx_HAL_Driver/Src/stm32f1xx_hal_pcd_ex.o
 .debug_macro   0x000181a7      0x1e3 ./Drivers/STM32F1xx_HAL_Driver/Src/stm32f1xx_hal_rcc.o
 .debug_macro   0x0001838a      0x1d1 ./Drivers/STM32F1xx_HAL_Driver/Src/stm32f1xx_hal_rcc_ex.o
 .debug_macro   0x0001855b      0x1d2 ./Drivers/STM32F1xx_HAL_Driver/Src/stm32f1xx_hal_tim.o
 .debug_macro   0x0001872d      0x1d1 ./Drivers/STM32F1xx_HAL_Driver/Src/stm32f1xx_hal_tim_ex.o
 .debug_macro   0x000188fe      0x1d1 ./Drivers/STM32F1xx_HAL_Driver/Src/stm32f1xx_ll_usb.o
 .debug_macro   0x00018acf      0x36a ./Middlewares/ST/STM32_USB_Device_Library/Class/CDC/Src/usbd_cdc.o
 .debug_macro   0x00018e39       0x9e ./Middlewares/ST/STM32_USB_Device_Library/Class/CDC/Src/usbd_cdc.o
 .debug_macro   0x00018ed7      0x10b ./Middlewares/ST/STM32_USB_Device_Library/Class/CDC/Src/usbd_cdc.o
 .debug_macro   0x00018fe2       0x56 ./Middlewares/ST/STM32_USB_Device_Library/Class/CDC/Src/usbd_cdc.o
 .debug_macro   0x00019038      0x351 ./Middlewares/ST/STM32_USB_Device_Library/Core/Src/usbd_core.o
 .debug_macro   0x00019389      0x1ce ./Middlewares/ST/STM32_USB_Device_Library/Core/Src/usbd_core.o
 .debug_macro   0x00019557      0x35b ./Middlewares/ST/STM32_USB_Device_Library/Core/Src/usbd_ctlreq.o
 .debug_macro   0x000198b2      0x357 ./Middlewares/ST/STM32_USB_Device_Library/Core/Src/usbd_ioreq.o
 .debug_macro   0x00019c09      0x390 ./USB_DEVICE/App/usb_device.o
 .debug_macro   0x00019f99       0x22 ./USB_DEVICE/App/usb_device.o
 .debug_macro   0x00019fbb       0x16 ./USB_DEVICE/App/usb_device.o
 .debug_macro   0x00019fd1      0x375 ./USB_DEVICE/App/usbd_cdc_if.o
 .debug_macro   0x0001a346      0x38e ./USB_DEVICE/App/usbd_desc.o
 .debug_macro   0x0001a6d4       0x1c ./USB_DEVICE/App/usbd_desc.o
 .debug_macro   0x0001a6f0      0x374 ./USB_DEVICE/Target/usbd_conf.o

.debug_line     0x00000000    0x15e93
 .debug_line    0x00000000      0xf08 ./Core/Src/main.o
 .debug_line    0x00000f08      0x8c2 ./Core/Src/stm32f1xx_hal_msp.o
 .debug_line    0x000017ca      0x86f ./Core/Src/stm32f1xx_it.o
 .debug_line    0x00002039      0x7e3 ./Core/Src/system_stm32f1xx.o
 .debug_line    0x0000281c       0x78 ./Core/Startup/startup_stm32f103c8tx.o
 .debug_line    0x00002894      0xa10 ./Drivers/STM32F1xx_HAL_Driver/Src/stm32f1xx_hal.o
 .debug_line    0x000032a4     0x108d ./Drivers/STM32F1xx_HAL_Driver/Src/stm32f1xx_hal_adc.o
 .debug_line    0x00004331      0xdc7 ./Drivers/STM32F1xx_HAL_Driver/Src/stm32f1xx_hal_adc_ex.o
 .debug_line    0x000050f8      0xbfc ./Drivers/STM32F1xx_HAL_Driver/Src/stm32f1xx_hal_cortex.o
 .debug_line    0x00005cf4      0xaa9 ./Drivers/STM32F1xx_HAL_Driver/Src/stm32f1xx_hal_gpio.o
 .debug_line    0x0000679d     0x1465 ./Drivers/STM32F1xx_HAL_Driver/Src/stm32f1xx_hal_pcd.o
 .debug_line    0x00007c02      0x7de ./Drivers/STM32F1xx_HAL_Driver/Src/stm32f1xx_hal_pcd_ex.o
 .debug_line    0x000083e0      0xe19 ./Drivers/STM32F1xx_HAL_Driver/Src/stm32f1xx_hal_rcc.o
 .debug_line    0x000091f9      0x95a ./Drivers/STM32F1xx_HAL_Driver/Src/stm32f1xx_hal_rcc_ex.o
 .debug_line    0x00009b53     0x3535 ./Drivers/STM32F1xx_HAL_Driver/Src/stm32f1xx_hal_tim.o
 .debug_line    0x0000d088     0x195f ./Drivers/STM32F1xx_HAL_Driver/Src/stm32f1xx_hal_tim_ex.o
 .debug_line    0x0000e9e7     0x10e1 ./Drivers/STM32F1xx_HAL_Driver/Src/stm32f1xx_ll_usb.o
 .debug_line    0x0000fac8      0xd68 ./Middlewares/ST/STM32_USB_Device_Library/Class/CDC/Src/usbd_cdc.o
 .debug_line    0x00010830      0xde4 ./Middlewares/ST/STM32_USB_Device_Library/Core/Src/usbd_core.o
 .debug_line    0x00011614     0x1024 ./Middlewares/ST/STM32_USB_Device_Library/Core/Src/usbd_ctlreq.o
 .debug_line    0x00012638      0xa7a ./Middlewares/ST/STM32_USB_Device_Library/Core/Src/usbd_ioreq.o
 .debug_line    0x000130b2      0xa3a ./USB_DEVICE/App/usb_device.o
 .debug_line    0x00013aec      0xa82 ./USB_DEVICE/App/usbd_cdc_if.o
 .debug_line    0x0001456e      0xb03 ./USB_DEVICE/App/usbd_desc.o
 .debug_line    0x00015071      0xe22 ./USB_DEVICE/Target/usbd_conf.o

.debug_str      0x00000000    0x91e5b
 .debug_str     0x00000000    0x8dcba ./Core/Src/main.o
                              0x8e1c5 (size before relaxing)
 .debug_str     0x0008dcba      0x399 ./Core/Src/stm32f1xx_hal_msp.o
                              0x898a9 (size before relaxing)
 .debug_str     0x0008e053      0x418 ./Core/Src/stm32f1xx_it.o
                              0x8985e (size before relaxing)
 .debug_str     0x0008e46b       0x7e ./Core/Src/system_stm32f1xx.o
                              0x88ec0 (size before relaxing)
 .debug_str     0x0008e4e9       0x44 ./Core/Startup/startup_stm32f103c8tx.o
                                 0x8a (size before relaxing)
 .debug_str     0x0008e52d      0x384 ./Drivers/STM32F1xx_HAL_Driver/Src/stm32f1xx_hal.o
                              0x895f3 (size before relaxing)
 .debug_str     0x0008e8b1      0x34c ./Drivers/STM32F1xx_HAL_Driver/Src/stm32f1xx_hal_adc.o
                              0x895a4 (size before relaxing)
 .debug_str     0x0008ebfd      0x2d8 ./Drivers/STM32F1xx_HAL_Driver/Src/stm32f1xx_hal_adc_ex.o
                              0x89574 (size before relaxing)
 .debug_str     0x0008eed5      0x262 ./Drivers/STM32F1xx_HAL_Driver/Src/stm32f1xx_hal_cortex.o
                              0x8953f (size before relaxing)
 .debug_str     0x0008f137      0x2d3 ./Drivers/STM32F1xx_HAL_Driver/Src/stm32f1xx_hal_gpio.o
                              0x89246 (size before relaxing)
 .debug_str     0x0008f40a      0x5bd ./Drivers/STM32F1xx_HAL_Driver/Src/stm32f1xx_hal_pcd.o
                              0x897dd (size before relaxing)
 .debug_str     0x0008f9c7      0x170 ./Drivers/STM32F1xx_HAL_Driver/Src/stm32f1xx_hal_pcd_ex.o
                              0x8933f (size before relaxing)
 .debug_str     0x0008fb37      0x229 ./Drivers/STM32F1xx_HAL_Driver/Src/stm32f1xx_hal_rcc.o
                              0x892ef (size before relaxing)
 .debug_str     0x0008fd60       0x84 ./Drivers/STM32F1xx_HAL_Driver/Src/stm32f1xx_hal_rcc_ex.o
                              0x8903f (size before relaxing)
 .debug_str     0x0008fde4      0xd3f ./Drivers/STM32F1xx_HAL_Driver/Src/stm32f1xx_hal_tim.o
                              0x8a2f1 (size before relaxing)
 .debug_str     0x00090b23      0x3cc ./Drivers/STM32F1xx_HAL_Driver/Src/stm32f1xx_hal_tim_ex.o
                              0x89afd (size before relaxing)
 .debug_str     0x00090eef      0x129 ./Drivers/STM32F1xx_HAL_Driver/Src/stm32f1xx_ll_usb.o
                              0x89391 (size before relaxing)
 .debug_str     0x00091018      0x645 ./Middlewares/ST/STM32_USB_Device_Library/Class/CDC/Src/usbd_cdc.o
                              0x8dd89 (size before relaxing)
 .debug_str     0x0009165d      0x281 ./Middlewares/ST/STM32_USB_Device_Library/Core/Src/usbd_core.o
                              0x8d6b9 (size before relaxing)
 .debug_str     0x000918de      0x120 ./Middlewares/ST/STM32_USB_Device_Library/Core/Src/usbd_ctlreq.o
                              0x8d5d3 (size before relaxing)
 .debug_str     0x000919fe       0x51 ./Middlewares/ST/STM32_USB_Device_Library/Core/Src/usbd_ioreq.o
                              0x8d500 (size before relaxing)
 .debug_str     0x00091a4f       0xc6 ./USB_DEVICE/App/usb_device.o
                              0x8d88b (size before relaxing)
 .debug_str     0x00091b15       0x86 ./USB_DEVICE/App/usbd_cdc_if.o
                              0x8d8b1 (size before relaxing)
 .debug_str     0x00091b9b      0x258 ./USB_DEVICE/App/usbd_desc.o
                              0x8d43c (size before relaxing)
 .debug_str     0x00091df3       0x68 ./USB_DEVICE/Target/usbd_conf.o
                              0x8e316 (size before relaxing)

.comment        0x00000000       0x43
 .comment       0x00000000       0x43 ./Core/Src/main.o
                                 0x44 (size before relaxing)
 .comment       0x00000043       0x44 ./Core/Src/stm32f1xx_hal_msp.o
 .comment       0x00000043       0x44 ./Core/Src/stm32f1xx_it.o
 .comment       0x00000043       0x44 ./Core/Src/system_stm32f1xx.o
 .comment       0x00000043       0x44 ./Drivers/STM32F1xx_HAL_Driver/Src/stm32f1xx_hal.o
 .comment       0x00000043       0x44 ./Drivers/STM32F1xx_HAL_Driver/Src/stm32f1xx_hal_adc.o
 .comment       0x00000043       0x44 ./Drivers/STM32F1xx_HAL_Driver/Src/stm32f1xx_hal_adc_ex.o
 .comment       0x00000043       0x44 ./Drivers/STM32F1xx_HAL_Driver/Src/stm32f1xx_hal_cortex.o
 .comment       0x00000043       0x44 ./Drivers/STM32F1xx_HAL_Driver/Src/stm32f1xx_hal_gpio.o
 .comment       0x00000043       0x44 ./Drivers/STM32F1xx_HAL_Driver/Src/stm32f1xx_hal_pcd.o
 .comment       0x00000043       0x44 ./Drivers/STM32F1xx_HAL_Driver/Src/stm32f1xx_hal_pcd_ex.o
 .comment       0x00000043       0x44 ./Drivers/STM32F1xx_HAL_Driver/Src/stm32f1xx_hal_rcc.o
 .comment       0x00000043       0x44 ./Drivers/STM32F1xx_HAL_Driver/Src/stm32f1xx_hal_rcc_ex.o
 .comment       0x00000043       0x44 ./Drivers/STM32F1xx_HAL_Driver/Src/stm32f1xx_hal_tim.o
 .comment       0x00000043       0x44 ./Drivers/STM32F1xx_HAL_Driver/Src/stm32f1xx_hal_tim_ex.o
 .comment       0x00000043       0x44 ./Drivers/STM32F1xx_HAL_Driver/Src/stm32f1xx_ll_usb.o
 .comment       0x00000043       0x44 ./Middlewares/ST/STM32_USB_Device_Library/Class/CDC/Src/usbd_cdc.o
 .comment       0x00000043       0x44 ./Middlewares/ST/STM32_USB_Device_Library/Core/Src/usbd_core.o
 .comment       0x00000043       0x44 ./Middlewares/ST/STM32_USB_Device_Library/Core/Src/usbd_ctlreq.o
 .comment       0x00000043       0x44 ./Middlewares/ST/STM32_USB_Device_Library/Core/Src/usbd_ioreq.o
 .comment       0x00000043       0x44 ./USB_DEVICE/App/usb_device.o
 .comment       0x00000043       0x44 ./USB_DEVICE/App/usbd_cdc_if.o
 .comment       0x00000043       0x44 ./USB_DEVICE/App/usbd_desc.o
 .comment       0x00000043       0x44 ./USB_DEVICE/Target/usbd_conf.o

.debug_frame    0x00000000     0x4b84
 .debug_frame   0x00000000      0x270 ./Core/Src/main.o
 .debug_frame   0x00000270      0x13c ./Core/Src/stm32f1xx_hal_msp.o
 .debug_frame   0x000003ac      0x158 ./Core/Src/stm32f1xx_it.o
 .debug_frame   0x00000504       0x58 ./Core/Src/system_stm32f1xx.o
 .debug_frame   0x0000055c      0x334 ./Drivers/STM32F1xx_HAL_Driver/Src/stm32f1xx_hal.o
 .debug_frame   0x00000890      0x40c ./Drivers/STM32F1xx_HAL_Driver/Src/stm32f1xx_hal_adc.o
 .debug_frame   0x00000c9c      0x200 ./Drivers/STM32F1xx_HAL_Driver/Src/stm32f1xx_hal_adc_ex.o
 .debug_frame   0x00000e9c      0x428 ./Drivers/STM32F1xx_HAL_Driver/Src/stm32f1xx_hal_cortex.o
 .debug_frame   0x000012c4      0x14c ./Drivers/STM32F1xx_HAL_Driver/Src/stm32f1xx_hal_gpio.o
 .debug_frame   0x00001410      0x594 ./Drivers/STM32F1xx_HAL_Driver/Src/stm32f1xx_hal_pcd.o
 .debug_frame   0x000019a4       0xb0 ./Drivers/STM32F1xx_HAL_Driver/Src/stm32f1xx_hal_pcd_ex.o
 .debug_frame   0x00001a54      0x218 ./Drivers/STM32F1xx_HAL_Driver/Src/stm32f1xx_hal_rcc.o
 .debug_frame   0x00001c6c       0x80 ./Drivers/STM32F1xx_HAL_Driver/Src/stm32f1xx_hal_rcc_ex.o
 .debug_frame   0x00001cec     0x11b8 ./Drivers/STM32F1xx_HAL_Driver/Src/stm32f1xx_hal_tim.o
 .debug_frame   0x00002ea4      0x638 ./Drivers/STM32F1xx_HAL_Driver/Src/stm32f1xx_hal_tim_ex.o
 .debug_frame   0x000034dc      0x470 ./Drivers/STM32F1xx_HAL_Driver/Src/stm32f1xx_ll_usb.o
 .debug_frame   0x0000394c      0x248 ./Middlewares/ST/STM32_USB_Device_Library/Class/CDC/Src/usbd_cdc.o
 .debug_frame   0x00003b94      0x300 ./Middlewares/ST/STM32_USB_Device_Library/Core/Src/usbd_core.o
 .debug_frame   0x00003e94      0x218 ./Middlewares/ST/STM32_USB_Device_Library/Core/Src/usbd_ctlreq.o
 .debug_frame   0x000040ac      0x10c ./Middlewares/ST/STM32_USB_Device_Library/Core/Src/usbd_ioreq.o
 .debug_frame   0x000041b8       0x2c ./USB_DEVICE/App/usb_device.o
 .debug_frame   0x000041e4       0xbc ./USB_DEVICE/App/usbd_cdc_if.o
 .debug_frame   0x000042a0      0x160 ./USB_DEVICE/App/usbd_desc.o